-- Journal begins at Sun 2021-04-25 19:44:52 -04, ends at Fri 2021-05-07 10:44:07 -04. --
mai 07 09:15:53 puffer kernel: microcode: microcode updated early to revision 0xe0, date = 2020-07-08
mai 07 09:15:53 puffer kernel: Linux version 5.10.34-1-lts (linux-lts@archlinux) (gcc (GCC) 10.2.0, GNU ld (GNU Binutils) 2.36.1) #1 SMP Sun, 02 May 2021 12:41:09 +0000
mai 07 09:15:53 puffer kernel: Command line: BOOT_IMAGE=/boot/vmlinuz-linux-lts root=UUID=1e1b1cc5-265f-4215-af9a-bfb3b5669b84 rw i915.enable_dc=0 i915.enable_fbc=0 i915.enable_psr=0 systemd.unit=multi-user.target loglevel=3 quiet
mai 07 09:15:53 puffer kernel: x86/fpu: Supporting XSAVE feature 0x001: 'x87 floating point registers'
mai 07 09:15:53 puffer kernel: x86/fpu: Supporting XSAVE feature 0x002: 'SSE registers'
mai 07 09:15:53 puffer kernel: x86/fpu: Supporting XSAVE feature 0x004: 'AVX registers'
mai 07 09:15:53 puffer kernel: x86/fpu: Supporting XSAVE feature 0x008: 'MPX bounds registers'
mai 07 09:15:53 puffer kernel: x86/fpu: Supporting XSAVE feature 0x010: 'MPX CSR'
mai 07 09:15:53 puffer kernel: x86/fpu: Supporting XSAVE feature 0x200: 'Protection Keys User registers'
mai 07 09:15:53 puffer kernel: x86/fpu: xstate_offset[2]:  576, xstate_sizes[2]:  256
mai 07 09:15:53 puffer kernel: x86/fpu: xstate_offset[3]:  832, xstate_sizes[3]:   64
mai 07 09:15:53 puffer kernel: x86/fpu: xstate_offset[4]:  896, xstate_sizes[4]:   64
mai 07 09:15:53 puffer kernel: x86/fpu: xstate_offset[9]:  960, xstate_sizes[9]:    8
mai 07 09:15:53 puffer kernel: x86/fpu: Enabled xstate features 0x21f, context size is 968 bytes, using 'compacted' format.
mai 07 09:15:53 puffer kernel: BIOS-provided physical RAM map:
mai 07 09:15:53 puffer kernel: BIOS-e820: [mem 0x0000000000000000-0x000000000009dfff] usable
mai 07 09:15:53 puffer kernel: BIOS-e820: [mem 0x000000000009e000-0x000000000009efff] reserved
mai 07 09:15:53 puffer kernel: BIOS-e820: [mem 0x000000000009f000-0x000000000009ffff] usable
mai 07 09:15:53 puffer kernel: BIOS-e820: [mem 0x00000000000a0000-0x00000000000fffff] reserved
mai 07 09:15:53 puffer kernel: BIOS-e820: [mem 0x0000000000100000-0x00000000974e0fff] usable
mai 07 09:15:53 puffer kernel: BIOS-e820: [mem 0x00000000974e1000-0x0000000098d2afff] reserved
mai 07 09:15:53 puffer kernel: BIOS-e820: [mem 0x0000000098d2b000-0x0000000098e5afff] ACPI data
mai 07 09:15:53 puffer kernel: BIOS-e820: [mem 0x0000000098e5b000-0x0000000099000fff] ACPI NVS
mai 07 09:15:53 puffer kernel: BIOS-e820: [mem 0x0000000099001000-0x0000000099993fff] reserved
mai 07 09:15:53 puffer kernel: BIOS-e820: [mem 0x0000000099994000-0x0000000099c4dfff] type 20
mai 07 09:15:53 puffer kernel: BIOS-e820: [mem 0x0000000099c4e000-0x0000000099c4efff] usable
mai 07 09:15:53 puffer kernel: BIOS-e820: [mem 0x0000000099c4f000-0x000000009f7fffff] reserved
mai 07 09:15:53 puffer kernel: BIOS-e820: [mem 0x00000000e0000000-0x00000000efffffff] reserved
mai 07 09:15:53 puffer kernel: BIOS-e820: [mem 0x00000000fe000000-0x00000000fe010fff] reserved
mai 07 09:15:53 puffer kernel: BIOS-e820: [mem 0x00000000fec00000-0x00000000fec00fff] reserved
mai 07 09:15:53 puffer kernel: BIOS-e820: [mem 0x00000000fed00000-0x00000000fed03fff] reserved
mai 07 09:15:53 puffer kernel: BIOS-e820: [mem 0x00000000fee00000-0x00000000fee00fff] reserved
mai 07 09:15:53 puffer kernel: BIOS-e820: [mem 0x00000000ff000000-0x00000000ffffffff] reserved
mai 07 09:15:53 puffer kernel: BIOS-e820: [mem 0x0000000100000000-0x000000085e7fffff] usable
mai 07 09:15:53 puffer kernel: NX (Execute Disable) protection: active
mai 07 09:15:53 puffer kernel: efi: EFI v2.70 by American Megatrends
mai 07 09:15:53 puffer kernel: efi: ACPI=0x98e5a000 ACPI 2.0=0x98e5a014 TPMFinalLog=0x98efe000 SMBIOS=0x99675000 SMBIOS 3.0=0x99674000 MEMATTR=0x8eea7018 ESRT=0x90bea798 
mai 07 09:15:53 puffer kernel: SMBIOS 3.2.0 present.
mai 07 09:15:53 puffer kernel: DMI: Avell High Performance A62 LIV/Avell High Performance, BIOS N.1.02 07/17/2020
mai 07 09:15:53 puffer kernel: tsc: Detected 2600.000 MHz processor
mai 07 09:15:53 puffer kernel: tsc: Detected 2599.992 MHz TSC
mai 07 09:15:53 puffer kernel: e820: update [mem 0x00000000-0x00000fff] usable ==> reserved
mai 07 09:15:53 puffer kernel: e820: remove [mem 0x000a0000-0x000fffff] usable
mai 07 09:15:53 puffer kernel: last_pfn = 0x85e800 max_arch_pfn = 0x400000000
mai 07 09:15:53 puffer kernel: MTRR default type: write-back
mai 07 09:15:53 puffer kernel: MTRR fixed ranges enabled:
mai 07 09:15:53 puffer kernel:   00000-9FFFF write-back
mai 07 09:15:53 puffer kernel:   A0000-BFFFF uncachable
mai 07 09:15:53 puffer kernel:   C0000-FFFFF write-protect
mai 07 09:15:53 puffer kernel: MTRR variable ranges enabled:
mai 07 09:15:53 puffer kernel:   0 base 00C0000000 mask 7FC0000000 uncachable
mai 07 09:15:53 puffer kernel:   1 base 00A0000000 mask 7FE0000000 uncachable
mai 07 09:15:53 puffer kernel:   2 base 009C000000 mask 7FFC000000 uncachable
mai 07 09:15:53 puffer kernel:   3 base 009B000000 mask 7FFF000000 uncachable
mai 07 09:15:53 puffer kernel:   4 base 2000000000 mask 6000000000 uncachable
mai 07 09:15:53 puffer kernel:   5 base 1000000000 mask 7000000000 uncachable
mai 07 09:15:53 puffer kernel:   6 base 4000000000 mask 4000000000 uncachable
mai 07 09:15:53 puffer kernel:   7 disabled
mai 07 09:15:53 puffer kernel:   8 disabled
mai 07 09:15:53 puffer kernel:   9 disabled
mai 07 09:15:53 puffer kernel: x86/PAT: Configuration [0-7]: WB  WC  UC- UC  WB  WP  UC- WT  
mai 07 09:15:53 puffer kernel: last_pfn = 0x99c4f max_arch_pfn = 0x400000000
mai 07 09:15:53 puffer kernel: esrt: Reserving ESRT space from 0x0000000090bea798 to 0x0000000090bea7d0.
mai 07 09:15:53 puffer kernel: e820: update [mem 0x90bea000-0x90beafff] usable ==> reserved
mai 07 09:15:53 puffer kernel: check: Scanning 1 areas for low memory corruption
mai 07 09:15:53 puffer kernel: Using GB pages for direct mapping
mai 07 09:15:53 puffer kernel: Secure boot could not be determined
mai 07 09:15:53 puffer kernel: RAMDISK: [mem 0x30c75000-0x34631fff]
mai 07 09:15:53 puffer kernel: ACPI: Early table checksum verification disabled
mai 07 09:15:53 puffer kernel: ACPI: RSDP 0x0000000098E5A014 000024 (v02 ALASKA)
mai 07 09:15:53 puffer kernel: ACPI: XSDT 0x0000000098E59728 0000DC (v01 ALASKA A M I    01072009 AMI  01000013)
mai 07 09:15:53 puffer kernel: ACPI: FACP 0x0000000098E54000 000114 (v06 ALASKA A M I    01072009 AMI  00010013)
mai 07 09:15:53 puffer kernel: ACPI: DSDT 0x0000000098E14000 03F62F (v02 ALASKA A M I    01072009 INTL 20160527)
mai 07 09:15:53 puffer kernel: ACPI: FACS 0x0000000099000000 000040
mai 07 09:15:53 puffer kernel: ACPI: MCFG 0x0000000098E58000 00003C (v01 ALASKA A M I    01072009 MSFT 00000097)
mai 07 09:15:53 puffer kernel: ACPI: SSDT 0x0000000098E55000 002087 (v02 CpuRef CpuSsdt  00003000 INTL 20160527)
mai 07 09:15:53 puffer kernel: ACPI: FIDT 0x0000000098E13000 00009C (v01 ALASKA A M I    01072009 AMI  00010013)
mai 07 09:15:53 puffer kernel: ACPI: MSDM 0x0000000098E12000 000055 (v03 ALASKA A M I    01072009 AMI  01000013)
mai 07 09:15:53 puffer kernel: ACPI: SSDT 0x0000000098E0E000 0031F4 (v02 SaSsdt SaSsdt   00003000 INTL 20160527)
mai 07 09:15:53 puffer kernel: ACPI: SSDT 0x0000000098E0B000 0027EE (v02 Intel  PegSsdt  00001000 INTL 20160527)
mai 07 09:15:53 puffer kernel: ACPI: HPET 0x0000000098E0A000 000038 (v01 ALASKA A M I    01072009 AMI  01000013)
mai 07 09:15:53 puffer kernel: ACPI: SSDT 0x0000000098E09000 000E3D (v02 ALASKA Ther_Rvp 00001000 INTL 20160527)
mai 07 09:15:53 puffer kernel: ACPI: SSDT 0x0000000098E05000 0031CA (v02 INTEL  xh_cfhd4 00000000 INTL 20160527)
mai 07 09:15:53 puffer kernel: ACPI: NHLT 0x0000000098E03000 001821 (v00 ALASKA A M I    01072009 AMI  01000013)
mai 07 09:15:53 puffer kernel: ACPI: SSDT 0x0000000098E02000 0006BB (v02 Intel  PerfTune 00001000 INTL 20160527)
mai 07 09:15:53 puffer kernel: ACPI: LPIT 0x0000000098E01000 000094 (v01 ALASKA A M I    01072009 AMI  01000013)
mai 07 09:15:53 puffer kernel: ACPI: DBGP 0x0000000098DFF000 000034 (v01 ALASKA A M I    01072009 AMI  01000013)
mai 07 09:15:53 puffer kernel: ACPI: DBG2 0x0000000098DFE000 000054 (v00 ALASKA A M I    01072009 AMI  01000013)
mai 07 09:15:53 puffer kernel: ACPI: SSDT 0x0000000098DFC000 0000AE (v02 SgRef  SgPeg    00001000 INTL 20160527)
mai 07 09:15:53 puffer kernel: ACPI: BGRT 0x0000000098DFB000 000038 (v01 ALASKA A M I    01072009 AMI  00010013)
mai 07 09:15:53 puffer kernel: ACPI: TPM2 0x0000000098DFA000 00004C (v04 ALASKA A M I    00000001 AMI  00000000)
mai 07 09:15:53 puffer kernel: ACPI: DMAR 0x0000000098DFD000 0000A8 (v01 INTEL  EDK2     00000002      01000013)
mai 07 09:15:53 puffer kernel: ACPI: SSDT 0x0000000098DF7000 0023A4 (v01 OptRf1 Opt1Tabl 00001000 INTL 20160527)
mai 07 09:15:53 puffer kernel: ACPI: WSMT 0x0000000098E00000 000028 (v01 ALASKA A M I    01072009 AMI  00010013)
mai 07 09:15:53 puffer kernel: ACPI: APIC 0x0000000098DF6000 0000F4 (v04 ALASKA A M I    01072009 AMI  00010013)
mai 07 09:15:53 puffer kernel: ACPI: FPDT 0x0000000098DF5000 000044 (v01 ALASKA CML      01072009 AMI  01000013)
mai 07 09:15:53 puffer kernel: ACPI: Reserving FACP table memory at [mem 0x98e54000-0x98e54113]
mai 07 09:15:53 puffer kernel: ACPI: Reserving DSDT table memory at [mem 0x98e14000-0x98e5362e]
mai 07 09:15:53 puffer kernel: ACPI: Reserving FACS table memory at [mem 0x99000000-0x9900003f]
mai 07 09:15:53 puffer kernel: ACPI: Reserving MCFG table memory at [mem 0x98e58000-0x98e5803b]
mai 07 09:15:53 puffer kernel: ACPI: Reserving SSDT table memory at [mem 0x98e55000-0x98e57086]
mai 07 09:15:53 puffer kernel: ACPI: Reserving FIDT table memory at [mem 0x98e13000-0x98e1309b]
mai 07 09:15:53 puffer kernel: ACPI: Reserving MSDM table memory at [mem 0x98e12000-0x98e12054]
mai 07 09:15:53 puffer kernel: ACPI: Reserving SSDT table memory at [mem 0x98e0e000-0x98e111f3]
mai 07 09:15:53 puffer kernel: ACPI: Reserving SSDT table memory at [mem 0x98e0b000-0x98e0d7ed]
mai 07 09:15:53 puffer kernel: ACPI: Reserving HPET table memory at [mem 0x98e0a000-0x98e0a037]
mai 07 09:15:53 puffer kernel: ACPI: Reserving SSDT table memory at [mem 0x98e09000-0x98e09e3c]
mai 07 09:15:53 puffer kernel: ACPI: Reserving SSDT table memory at [mem 0x98e05000-0x98e081c9]
mai 07 09:15:53 puffer kernel: ACPI: Reserving NHLT table memory at [mem 0x98e03000-0x98e04820]
mai 07 09:15:53 puffer kernel: ACPI: Reserving SSDT table memory at [mem 0x98e02000-0x98e026ba]
mai 07 09:15:53 puffer kernel: ACPI: Reserving LPIT table memory at [mem 0x98e01000-0x98e01093]
mai 07 09:15:53 puffer kernel: ACPI: Reserving DBGP table memory at [mem 0x98dff000-0x98dff033]
mai 07 09:15:53 puffer kernel: ACPI: Reserving DBG2 table memory at [mem 0x98dfe000-0x98dfe053]
mai 07 09:15:53 puffer kernel: ACPI: Reserving SSDT table memory at [mem 0x98dfc000-0x98dfc0ad]
mai 07 09:15:53 puffer kernel: ACPI: Reserving BGRT table memory at [mem 0x98dfb000-0x98dfb037]
mai 07 09:15:53 puffer kernel: ACPI: Reserving TPM2 table memory at [mem 0x98dfa000-0x98dfa04b]
mai 07 09:15:53 puffer kernel: ACPI: Reserving DMAR table memory at [mem 0x98dfd000-0x98dfd0a7]
mai 07 09:15:53 puffer kernel: ACPI: Reserving SSDT table memory at [mem 0x98df7000-0x98df93a3]
mai 07 09:15:53 puffer kernel: ACPI: Reserving WSMT table memory at [mem 0x98e00000-0x98e00027]
mai 07 09:15:53 puffer kernel: ACPI: Reserving APIC table memory at [mem 0x98df6000-0x98df60f3]
mai 07 09:15:53 puffer kernel: ACPI: Reserving FPDT table memory at [mem 0x98df5000-0x98df5043]
mai 07 09:15:53 puffer kernel: ACPI: Local APIC address 0xfee00000
mai 07 09:15:53 puffer kernel: No NUMA configuration found
mai 07 09:15:53 puffer kernel: Faking a node at [mem 0x0000000000000000-0x000000085e7fffff]
mai 07 09:15:53 puffer kernel: NODE_DATA(0) allocated [mem 0x85e7fc000-0x85e7fffff]
mai 07 09:15:53 puffer kernel: Zone ranges:
mai 07 09:15:53 puffer kernel:   DMA      [mem 0x0000000000001000-0x0000000000ffffff]
mai 07 09:15:53 puffer kernel:   DMA32    [mem 0x0000000001000000-0x00000000ffffffff]
mai 07 09:15:53 puffer kernel:   Normal   [mem 0x0000000100000000-0x000000085e7fffff]
mai 07 09:15:53 puffer kernel:   Device   empty
mai 07 09:15:53 puffer kernel: Movable zone start for each node
mai 07 09:15:53 puffer kernel: Early memory node ranges
mai 07 09:15:53 puffer kernel:   node   0: [mem 0x0000000000001000-0x000000000009dfff]
mai 07 09:15:53 puffer kernel:   node   0: [mem 0x000000000009f000-0x000000000009ffff]
mai 07 09:15:53 puffer kernel:   node   0: [mem 0x0000000000100000-0x00000000974e0fff]
mai 07 09:15:53 puffer kernel:   node   0: [mem 0x0000000099c4e000-0x0000000099c4efff]
mai 07 09:15:53 puffer kernel:   node   0: [mem 0x0000000100000000-0x000000085e7fffff]
mai 07 09:15:53 puffer kernel: Initmem setup node 0 [mem 0x0000000000001000-0x000000085e7fffff]
mai 07 09:15:53 puffer kernel: On node 0 totalpages: 8346752
mai 07 09:15:53 puffer kernel:   DMA zone: 64 pages used for memmap
mai 07 09:15:53 puffer kernel:   DMA zone: 30 pages reserved
mai 07 09:15:53 puffer kernel:   DMA zone: 3998 pages, LIFO batch:0
mai 07 09:15:53 puffer kernel:   DMA zone: 28770 pages in unavailable ranges
mai 07 09:15:53 puffer kernel:   DMA32 zone: 9620 pages used for memmap
mai 07 09:15:53 puffer kernel:   DMA32 zone: 615650 pages, LIFO batch:63
mai 07 09:15:53 puffer kernel:   DMA32 zone: 35614 pages in unavailable ranges
mai 07 09:15:53 puffer kernel:   Normal zone: 120736 pages used for memmap
mai 07 09:15:53 puffer kernel:   Normal zone: 7727104 pages, LIFO batch:63
mai 07 09:15:53 puffer kernel:   Normal zone: 6144 pages in unavailable ranges
mai 07 09:15:53 puffer kernel: Reserving Intel graphics memory at [mem 0x9b800000-0x9f7fffff]
mai 07 09:15:53 puffer kernel: ACPI: PM-Timer IO Port: 0x1808
mai 07 09:15:53 puffer kernel: ACPI: Local APIC address 0xfee00000
mai 07 09:15:53 puffer kernel: ACPI: LAPIC_NMI (acpi_id[0x01] high edge lint[0x1])
mai 07 09:15:53 puffer kernel: ACPI: LAPIC_NMI (acpi_id[0x02] high edge lint[0x1])
mai 07 09:15:53 puffer kernel: ACPI: LAPIC_NMI (acpi_id[0x03] high edge lint[0x1])
mai 07 09:15:53 puffer kernel: ACPI: LAPIC_NMI (acpi_id[0x04] high edge lint[0x1])
mai 07 09:15:53 puffer kernel: ACPI: LAPIC_NMI (acpi_id[0x05] high edge lint[0x1])
mai 07 09:15:53 puffer kernel: ACPI: LAPIC_NMI (acpi_id[0x06] high edge lint[0x1])
mai 07 09:15:53 puffer kernel: ACPI: LAPIC_NMI (acpi_id[0x07] high edge lint[0x1])
mai 07 09:15:53 puffer kernel: ACPI: LAPIC_NMI (acpi_id[0x08] high edge lint[0x1])
mai 07 09:15:53 puffer kernel: ACPI: LAPIC_NMI (acpi_id[0x09] high edge lint[0x1])
mai 07 09:15:53 puffer kernel: ACPI: LAPIC_NMI (acpi_id[0x0a] high edge lint[0x1])
mai 07 09:15:53 puffer kernel: ACPI: LAPIC_NMI (acpi_id[0x0b] high edge lint[0x1])
mai 07 09:15:53 puffer kernel: ACPI: LAPIC_NMI (acpi_id[0x0c] high edge lint[0x1])
mai 07 09:15:53 puffer kernel: IOAPIC[0]: apic_id 2, version 32, address 0xfec00000, GSI 0-119
mai 07 09:15:53 puffer kernel: ACPI: INT_SRC_OVR (bus 0 bus_irq 0 global_irq 2 dfl dfl)
mai 07 09:15:53 puffer kernel: ACPI: INT_SRC_OVR (bus 0 bus_irq 9 global_irq 9 high level)
mai 07 09:15:53 puffer kernel: ACPI: IRQ0 used by override.
mai 07 09:15:53 puffer kernel: ACPI: IRQ9 used by override.
mai 07 09:15:53 puffer kernel: Using ACPI (MADT) for SMP configuration information
mai 07 09:15:53 puffer kernel: ACPI: HPET id: 0x8086a201 base: 0xfed00000
mai 07 09:15:53 puffer kernel: e820: update [mem 0x8ece7000-0x8ed79fff] usable ==> reserved
mai 07 09:15:53 puffer kernel: TSC deadline timer available
mai 07 09:15:53 puffer kernel: smpboot: Allowing 12 CPUs, 0 hotplug CPUs
mai 07 09:15:53 puffer kernel: PM: hibernation: Registered nosave memory: [mem 0x00000000-0x00000fff]
mai 07 09:15:53 puffer kernel: PM: hibernation: Registered nosave memory: [mem 0x0009e000-0x0009efff]
mai 07 09:15:53 puffer kernel: PM: hibernation: Registered nosave memory: [mem 0x000a0000-0x000fffff]
mai 07 09:15:53 puffer kernel: PM: hibernation: Registered nosave memory: [mem 0x8ece7000-0x8ed79fff]
mai 07 09:15:53 puffer kernel: PM: hibernation: Registered nosave memory: [mem 0x90bea000-0x90beafff]
mai 07 09:15:53 puffer kernel: PM: hibernation: Registered nosave memory: [mem 0x974e1000-0x98d2afff]
mai 07 09:15:53 puffer kernel: PM: hibernation: Registered nosave memory: [mem 0x98d2b000-0x98e5afff]
mai 07 09:15:53 puffer kernel: PM: hibernation: Registered nosave memory: [mem 0x98e5b000-0x99000fff]
mai 07 09:15:53 puffer kernel: PM: hibernation: Registered nosave memory: [mem 0x99001000-0x99993fff]
mai 07 09:15:53 puffer kernel: PM: hibernation: Registered nosave memory: [mem 0x99994000-0x99c4dfff]
mai 07 09:15:53 puffer kernel: PM: hibernation: Registered nosave memory: [mem 0x99c4f000-0x9f7fffff]
mai 07 09:15:53 puffer kernel: PM: hibernation: Registered nosave memory: [mem 0x9f800000-0xdfffffff]
mai 07 09:15:53 puffer kernel: PM: hibernation: Registered nosave memory: [mem 0xe0000000-0xefffffff]
mai 07 09:15:53 puffer kernel: PM: hibernation: Registered nosave memory: [mem 0xf0000000-0xfdffffff]
mai 07 09:15:53 puffer kernel: PM: hibernation: Registered nosave memory: [mem 0xfe000000-0xfe010fff]
mai 07 09:15:53 puffer kernel: PM: hibernation: Registered nosave memory: [mem 0xfe011000-0xfebfffff]
mai 07 09:15:53 puffer kernel: PM: hibernation: Registered nosave memory: [mem 0xfec00000-0xfec00fff]
mai 07 09:15:53 puffer kernel: PM: hibernation: Registered nosave memory: [mem 0xfec01000-0xfecfffff]
mai 07 09:15:53 puffer kernel: PM: hibernation: Registered nosave memory: [mem 0xfed00000-0xfed03fff]
mai 07 09:15:53 puffer kernel: PM: hibernation: Registered nosave memory: [mem 0xfed04000-0xfedfffff]
mai 07 09:15:53 puffer kernel: PM: hibernation: Registered nosave memory: [mem 0xfee00000-0xfee00fff]
mai 07 09:15:53 puffer kernel: PM: hibernation: Registered nosave memory: [mem 0xfee01000-0xfeffffff]
mai 07 09:15:53 puffer kernel: PM: hibernation: Registered nosave memory: [mem 0xff000000-0xffffffff]
mai 07 09:15:53 puffer kernel: [mem 0x9f800000-0xdfffffff] available for PCI devices
mai 07 09:15:53 puffer kernel: Booting paravirtualized kernel on bare hardware
mai 07 09:15:53 puffer kernel: clocksource: refined-jiffies: mask: 0xffffffff max_cycles: 0xffffffff, max_idle_ns: 19112604462750000 ns
mai 07 09:15:53 puffer kernel: setup_percpu: NR_CPUS:320 nr_cpumask_bits:320 nr_cpu_ids:12 nr_node_ids:1
mai 07 09:15:53 puffer kernel: percpu: Embedded 55 pages/cpu s188416 r8192 d28672 u262144
mai 07 09:15:53 puffer kernel: pcpu-alloc: s188416 r8192 d28672 u262144 alloc=1*2097152
mai 07 09:15:53 puffer kernel: pcpu-alloc: [0] 00 01 02 03 04 05 06 07 [0] 08 09 10 11 -- -- -- -- 
mai 07 09:15:53 puffer kernel: Built 1 zonelists, mobility grouping on.  Total pages: 8216302
mai 07 09:15:53 puffer kernel: Policy zone: Normal
mai 07 09:15:53 puffer kernel: Kernel command line: BOOT_IMAGE=/boot/vmlinuz-linux-lts root=UUID=1e1b1cc5-265f-4215-af9a-bfb3b5669b84 rw i915.enable_dc=0 i915.enable_fbc=0 i915.enable_psr=0 systemd.unit=multi-user.target loglevel=3 quiet
mai 07 09:15:53 puffer kernel: Dentry cache hash table entries: 4194304 (order: 13, 33554432 bytes, linear)
mai 07 09:15:53 puffer kernel: Inode-cache hash table entries: 2097152 (order: 12, 16777216 bytes, linear)
mai 07 09:15:53 puffer kernel: mem auto-init: stack:byref_all(zero), heap alloc:on, heap free:off
mai 07 09:15:53 puffer kernel: Memory: 32530028K/33387008K available (14344K kernel code, 2030K rwdata, 8784K rodata, 1724K init, 4364K bss, 856720K reserved, 0K cma-reserved)
mai 07 09:15:53 puffer kernel: random: get_random_u64 called from __kmem_cache_create+0x26/0x520 with crng_init=0
mai 07 09:15:53 puffer kernel: SLUB: HWalign=64, Order=0-3, MinObjects=0, CPUs=12, Nodes=1
mai 07 09:15:53 puffer kernel: ftrace: allocating 41508 entries in 163 pages
mai 07 09:15:53 puffer kernel: ftrace: allocated 163 pages with 4 groups
mai 07 09:15:53 puffer kernel: rcu: Hierarchical RCU implementation.
mai 07 09:15:53 puffer kernel: rcu:         RCU restricting CPUs from NR_CPUS=320 to nr_cpu_ids=12.
mai 07 09:15:53 puffer kernel:         Rude variant of Tasks RCU enabled.
mai 07 09:15:53 puffer kernel:         Tracing variant of Tasks RCU enabled.
mai 07 09:15:53 puffer kernel: rcu: RCU calculated value of scheduler-enlistment delay is 10 jiffies.
mai 07 09:15:53 puffer kernel: rcu: Adjusting geometry for rcu_fanout_leaf=16, nr_cpu_ids=12
mai 07 09:15:53 puffer kernel: NR_IRQS: 20736, nr_irqs: 2152, preallocated irqs: 16
mai 07 09:15:53 puffer kernel: Console: colour dummy device 80x25
mai 07 09:15:53 puffer kernel: printk: console [tty0] enabled
mai 07 09:15:53 puffer kernel: ACPI: Core revision 20200925
mai 07 09:15:53 puffer kernel: clocksource: hpet: mask: 0xffffffff max_cycles: 0xffffffff, max_idle_ns: 79635855245 ns
mai 07 09:15:53 puffer kernel: APIC: Switch to symmetric I/O mode setup
mai 07 09:15:53 puffer kernel: DMAR: Host address width 39
mai 07 09:15:53 puffer kernel: DMAR: DRHD base: 0x000000fed90000 flags: 0x0
mai 07 09:15:53 puffer kernel: DMAR: dmar0: reg_base_addr fed90000 ver 1:0 cap 1c0000c40660462 ecap 19e2ff0505e
mai 07 09:15:53 puffer kernel: DMAR: DRHD base: 0x000000fed91000 flags: 0x1
mai 07 09:15:53 puffer kernel: DMAR: dmar1: reg_base_addr fed91000 ver 1:0 cap d2008c40660462 ecap f050da
mai 07 09:15:53 puffer kernel: DMAR: RMRR base: 0x00000099405000 end: 0x0000009964efff
mai 07 09:15:53 puffer kernel: DMAR: RMRR base: 0x0000009b000000 end: 0x0000009f7fffff
mai 07 09:15:53 puffer kernel: DMAR-IR: IOAPIC id 2 under DRHD base  0xfed91000 IOMMU 1
mai 07 09:15:53 puffer kernel: DMAR-IR: HPET id 0 under DRHD base 0xfed91000
mai 07 09:15:53 puffer kernel: DMAR-IR: Queued invalidation will be enabled to support x2apic and Intr-remapping.
mai 07 09:15:53 puffer kernel: DMAR-IR: Enabled IRQ remapping in x2apic mode
mai 07 09:15:53 puffer kernel: x2apic enabled
mai 07 09:15:53 puffer kernel: Switched APIC routing to cluster x2apic.
mai 07 09:15:53 puffer kernel: ..TIMER: vector=0x30 apic1=0 pin1=2 apic2=-1 pin2=-1
mai 07 09:15:53 puffer kernel: clocksource: tsc-early: mask: 0xffffffffffffffff max_cycles: 0x257a34a6eea, max_idle_ns: 440795264358 ns
mai 07 09:15:53 puffer kernel: Calibrating delay loop (skipped), value calculated using timer frequency.. 5199.98 BogoMIPS (lpj=25999920)
mai 07 09:15:53 puffer kernel: pid_max: default: 32768 minimum: 301
mai 07 09:15:53 puffer kernel: LSM: Security Framework initializing
mai 07 09:15:53 puffer kernel: Yama: becoming mindful.
mai 07 09:15:53 puffer kernel: LSM support for eBPF active
mai 07 09:15:53 puffer kernel: Mount-cache hash table entries: 65536 (order: 7, 524288 bytes, linear)
mai 07 09:15:53 puffer kernel: Mountpoint-cache hash table entries: 65536 (order: 7, 524288 bytes, linear)
mai 07 09:15:53 puffer kernel: mce: CPU0: Thermal monitoring enabled (TM1)
mai 07 09:15:53 puffer kernel: process: using mwait in idle threads
mai 07 09:15:53 puffer kernel: Last level iTLB entries: 4KB 64, 2MB 8, 4MB 8
mai 07 09:15:53 puffer kernel: Last level dTLB entries: 4KB 64, 2MB 0, 4MB 0, 1GB 4
mai 07 09:15:53 puffer kernel: Spectre V1 : Mitigation: usercopy/swapgs barriers and __user pointer sanitization
mai 07 09:15:53 puffer kernel: Spectre V2 : Mitigation: Enhanced IBRS
mai 07 09:15:53 puffer kernel: Spectre V2 : Spectre v2 / SpectreRSB mitigation: Filling RSB on context switch
mai 07 09:15:53 puffer kernel: Spectre V2 : mitigation: Enabling conditional Indirect Branch Prediction Barrier
mai 07 09:15:53 puffer kernel: Speculative Store Bypass: Mitigation: Speculative Store Bypass disabled via prctl and seccomp
mai 07 09:15:53 puffer kernel: Freeing SMP alternatives memory: 36K
mai 07 09:15:53 puffer kernel: smpboot: CPU0: Intel(R) Core(TM) i7-10750H CPU @ 2.60GHz (family: 0x6, model: 0xa5, stepping: 0x2)
mai 07 09:15:53 puffer kernel: Performance Events: PEBS fmt3+, Skylake events, 32-deep LBR, full-width counters, Intel PMU driver.
mai 07 09:15:53 puffer kernel: ... version:                4
mai 07 09:15:53 puffer kernel: ... bit width:              48
mai 07 09:15:53 puffer kernel: ... generic registers:      4
mai 07 09:15:53 puffer kernel: ... value mask:             0000ffffffffffff
mai 07 09:15:53 puffer kernel: ... max period:             00007fffffffffff
mai 07 09:15:53 puffer kernel: ... fixed-purpose events:   3
mai 07 09:15:53 puffer kernel: ... event mask:             000000070000000f
mai 07 09:15:53 puffer kernel: rcu: Hierarchical SRCU implementation.
mai 07 09:15:53 puffer kernel: NMI watchdog: Enabled. Permanently consumes one hw-PMU counter.
mai 07 09:15:53 puffer kernel: smp: Bringing up secondary CPUs ...
mai 07 09:15:53 puffer kernel: x86: Booting SMP configuration:
mai 07 09:15:53 puffer kernel: .... node  #0, CPUs:        #1  #2  #3  #4  #5  #6  #7  #8  #9 #10 #11
mai 07 09:15:53 puffer kernel: smp: Brought up 1 node, 12 CPUs
mai 07 09:15:53 puffer kernel: smpboot: Max logical packages: 1
mai 07 09:15:53 puffer kernel: smpboot: Total of 12 processors activated (62399.80 BogoMIPS)
mai 07 09:15:53 puffer kernel: devtmpfs: initialized
mai 07 09:15:53 puffer kernel: x86/mm: Memory block size: 128MB
mai 07 09:15:53 puffer kernel: PM: Registering ACPI NVS region [mem 0x98e5b000-0x99000fff] (1728512 bytes)
mai 07 09:15:53 puffer kernel: clocksource: jiffies: mask: 0xffffffff max_cycles: 0xffffffff, max_idle_ns: 19112604462750000 ns
mai 07 09:15:53 puffer kernel: futex hash table entries: 4096 (order: 6, 262144 bytes, linear)
mai 07 09:15:53 puffer kernel: pinctrl core: initialized pinctrl subsystem
mai 07 09:15:53 puffer kernel: PM: RTC time: 13:15:52, date: 2021-05-07
mai 07 09:15:53 puffer kernel: NET: Registered protocol family 16
mai 07 09:15:53 puffer kernel: DMA: preallocated 4096 KiB GFP_KERNEL pool for atomic allocations
mai 07 09:15:53 puffer kernel: DMA: preallocated 4096 KiB GFP_KERNEL|GFP_DMA pool for atomic allocations
mai 07 09:15:53 puffer kernel: DMA: preallocated 4096 KiB GFP_KERNEL|GFP_DMA32 pool for atomic allocations
mai 07 09:15:53 puffer kernel: audit: initializing netlink subsys (disabled)
mai 07 09:15:53 puffer kernel: audit: type=2000 audit(1620393352.080:1): state=initialized audit_enabled=0 res=1
mai 07 09:15:53 puffer kernel: thermal_sys: Registered thermal governor 'fair_share'
mai 07 09:15:53 puffer kernel: thermal_sys: Registered thermal governor 'bang_bang'
mai 07 09:15:53 puffer kernel: thermal_sys: Registered thermal governor 'step_wise'
mai 07 09:15:53 puffer kernel: thermal_sys: Registered thermal governor 'user_space'
mai 07 09:15:53 puffer kernel: thermal_sys: Registered thermal governor 'power_allocator'
mai 07 09:15:53 puffer kernel: cpuidle: using governor ladder
mai 07 09:15:53 puffer kernel: cpuidle: using governor menu
mai 07 09:15:53 puffer kernel: ACPI FADT declares the system doesn't support PCIe ASPM, so disable it
mai 07 09:15:53 puffer kernel: ACPI: bus type PCI registered
mai 07 09:15:53 puffer kernel: acpiphp: ACPI Hot Plug PCI Controller Driver version: 0.5
mai 07 09:15:53 puffer kernel: PCI: MMCONFIG for domain 0000 [bus 00-ff] at [mem 0xe0000000-0xefffffff] (base 0xe0000000)
mai 07 09:15:53 puffer kernel: PCI: MMCONFIG at [mem 0xe0000000-0xefffffff] reserved in E820
mai 07 09:15:53 puffer kernel: PCI: Using configuration type 1 for base access
mai 07 09:15:53 puffer kernel: ENERGY_PERF_BIAS: Set to 'normal', was 'performance'
mai 07 09:15:53 puffer kernel: Kprobes globally optimized
mai 07 09:15:53 puffer kernel: HugeTLB registered 1.00 GiB page size, pre-allocated 0 pages
mai 07 09:15:53 puffer kernel: HugeTLB registered 2.00 MiB page size, pre-allocated 0 pages
mai 07 09:15:53 puffer kernel: ACPI: Added _OSI(Module Device)
mai 07 09:15:53 puffer kernel: ACPI: Added _OSI(Processor Device)
mai 07 09:15:53 puffer kernel: ACPI: Added _OSI(3.0 _SCP Extensions)
mai 07 09:15:53 puffer kernel: ACPI: Added _OSI(Processor Aggregator Device)
mai 07 09:15:53 puffer kernel: ACPI: Added _OSI(Linux-Dell-Video)
mai 07 09:15:53 puffer kernel: ACPI: Added _OSI(Linux-Lenovo-NV-HDMI-Audio)
mai 07 09:15:53 puffer kernel: ACPI: Added _OSI(Linux-HPI-Hybrid-Graphics)
mai 07 09:15:53 puffer kernel: ACPI BIOS Error (bug): AE_AML_BUFFER_LIMIT, Field [SAC1] at bit offset/length 64/64 exceeds size of target Buffer (64 bits) (20200925/dsopcode-198)
mai 07 09:15:53 puffer kernel: ACPI: 9 ACPI AML tables successfully acquired and loaded
mai 07 09:15:53 puffer kernel: ACPI Error: AE_TYPE, Opcode is not deferred [SAC1] (BufferField) (20200925/nsinit-411)
mai 07 09:15:53 puffer kernel: ACPI Error: AE_TYPE, Could not execute arguments for [SAC1] (BufferField) (20200925/nsinit-419)
mai 07 09:15:53 puffer kernel: ACPI: Dynamic OEM Table Load:
mai 07 09:15:53 puffer kernel: ACPI: SSDT 0xFFFF9167418E2200 0000FC (v02 PmRef  Cpu0Psd  00003000 INTL 20160527)
mai 07 09:15:53 puffer kernel: ACPI Error: AE_TYPE, Opcode is not deferred [SAC1] (BufferField) (20200925/nsinit-411)
mai 07 09:15:53 puffer kernel: ACPI Error: AE_TYPE, Could not execute arguments for [SAC1] (BufferField) (20200925/nsinit-419)
mai 07 09:15:53 puffer kernel: ACPI: \_SB_.PR00: _OSC native thermal LVT Acked
mai 07 09:15:53 puffer kernel: ACPI: Dynamic OEM Table Load:
mai 07 09:15:53 puffer kernel: ACPI: SSDT 0xFFFF9167418E9000 000400 (v02 PmRef  Cpu0Cst  00003001 INTL 20160527)
mai 07 09:15:53 puffer kernel: ACPI Error: AE_TYPE, Opcode is not deferred [SAC1] (BufferField) (20200925/nsinit-411)
mai 07 09:15:53 puffer kernel: ACPI Error: AE_TYPE, Could not execute arguments for [SAC1] (BufferField) (20200925/nsinit-419)
mai 07 09:15:53 puffer kernel: ACPI: Dynamic OEM Table Load:
mai 07 09:15:53 puffer kernel: ACPI: SSDT 0xFFFF916740D65800 000581 (v02 PmRef  Cpu0Ist  00003000 INTL 20160527)
mai 07 09:15:53 puffer kernel: ACPI Error: AE_TYPE, Opcode is not deferred [SAC1] (BufferField) (20200925/nsinit-411)
mai 07 09:15:53 puffer kernel: ACPI Error: AE_TYPE, Could not execute arguments for [SAC1] (BufferField) (20200925/nsinit-419)
mai 07 09:15:53 puffer kernel: ACPI: Dynamic OEM Table Load:
mai 07 09:15:53 puffer kernel: ACPI: SSDT 0xFFFF91674181C400 000137 (v02 PmRef  Cpu0Hwp  00003000 INTL 20160527)
mai 07 09:15:53 puffer kernel: ACPI Error: AE_TYPE, Opcode is not deferred [SAC1] (BufferField) (20200925/nsinit-411)
mai 07 09:15:53 puffer kernel: ACPI Error: AE_TYPE, Could not execute arguments for [SAC1] (BufferField) (20200925/nsinit-419)
mai 07 09:15:53 puffer kernel: ACPI: Dynamic OEM Table Load:
mai 07 09:15:53 puffer kernel: ACPI: SSDT 0xFFFF9167418A1000 000BEA (v02 PmRef  HwpLvt   00003000 INTL 20160527)
mai 07 09:15:53 puffer kernel: ACPI Error: AE_TYPE, Opcode is not deferred [SAC1] (BufferField) (20200925/nsinit-411)
mai 07 09:15:53 puffer kernel: ACPI Error: AE_TYPE, Could not execute arguments for [SAC1] (BufferField) (20200925/nsinit-419)
mai 07 09:15:53 puffer kernel: ACPI: Dynamic OEM Table Load:
mai 07 09:15:53 puffer kernel: ACPI: SSDT 0xFFFF916740D65000 000778 (v02 PmRef  ApIst    00003000 INTL 20160527)
mai 07 09:15:53 puffer kernel: ACPI Error: AE_TYPE, Opcode is not deferred [SAC1] (BufferField) (20200925/nsinit-411)
mai 07 09:15:53 puffer kernel: ACPI Error: AE_TYPE, Could not execute arguments for [SAC1] (BufferField) (20200925/nsinit-419)
mai 07 09:15:53 puffer kernel: ACPI: Dynamic OEM Table Load:
mai 07 09:15:53 puffer kernel: ACPI: SSDT 0xFFFF9167418ED000 0003D7 (v02 PmRef  ApHwp    00003000 INTL 20160527)
mai 07 09:15:53 puffer kernel: ACPI Error: AE_TYPE, Opcode is not deferred [SAC1] (BufferField) (20200925/nsinit-411)
mai 07 09:15:53 puffer kernel: ACPI Error: AE_TYPE, Could not execute arguments for [SAC1] (BufferField) (20200925/nsinit-419)
mai 07 09:15:53 puffer kernel: ACPI: Dynamic OEM Table Load:
mai 07 09:15:53 puffer kernel: ACPI: SSDT 0xFFFF9167418A7000 000D22 (v02 PmRef  ApPsd    00003000 INTL 20160527)
mai 07 09:15:53 puffer kernel: ACPI Error: AE_TYPE, Opcode is not deferred [SAC1] (BufferField) (20200925/nsinit-411)
mai 07 09:15:53 puffer kernel: ACPI Error: AE_TYPE, Could not execute arguments for [SAC1] (BufferField) (20200925/nsinit-419)
mai 07 09:15:53 puffer kernel: ACPI: Dynamic OEM Table Load:
mai 07 09:15:53 puffer kernel: ACPI: SSDT 0xFFFF9167418E8800 0003CA (v02 PmRef  ApCst    00003000 INTL 20160527)
mai 07 09:15:53 puffer kernel: ACPI Error: AE_TYPE, Opcode is not deferred [SAC1] (BufferField) (20200925/nsinit-411)
mai 07 09:15:53 puffer kernel: ACPI Error: AE_TYPE, Could not execute arguments for [SAC1] (BufferField) (20200925/nsinit-419)
mai 07 09:15:53 puffer kernel: ACPI: EC: EC started
mai 07 09:15:53 puffer kernel: ACPI: EC: interrupt blocked
mai 07 09:15:53 puffer kernel: ACPI: EC: EC_CMD/EC_SC=0x66, EC_DATA=0x62
mai 07 09:15:53 puffer kernel: ACPI: \_SB_.PCI0.LPCB.EC0_: Boot DSDT EC used to handle transactions
mai 07 09:15:53 puffer kernel: ACPI: Interpreter enabled
mai 07 09:15:53 puffer kernel: ACPI: (supports S0 S3 S4 S5)
mai 07 09:15:53 puffer kernel: ACPI: Using IOAPIC for interrupt routing
mai 07 09:15:53 puffer kernel: PCI: Using host bridge windows from ACPI; if necessary, use "pci=nocrs" and report a bug
mai 07 09:15:53 puffer kernel: ACPI: Enabled 7 GPEs in block 00 to 7F
mai 07 09:15:53 puffer kernel: ACPI: Power Resource [PG00] (on)
mai 07 09:15:53 puffer kernel: ACPI: Power Resource [USBC] (on)
mai 07 09:15:53 puffer kernel: ACPI: Power Resource [V0PR] (on)
mai 07 09:15:53 puffer kernel: ACPI: Power Resource [V1PR] (on)
mai 07 09:15:53 puffer kernel: ACPI: Power Resource [V2PR] (on)
mai 07 09:15:53 puffer kernel: ACPI: Power Resource [WRST] (on)
mai 07 09:15:53 puffer kernel: ACPI: Power Resource [PIN] (off)
mai 07 09:15:53 puffer kernel: ACPI: PCI Root Bridge [PCI0] (domain 0000 [bus 00-fe])
mai 07 09:15:53 puffer kernel: acpi PNP0A08:00: _OSC: OS supports [ExtendedConfig ASPM ClockPM Segments MSI EDR HPX-Type3]
mai 07 09:15:53 puffer kernel: acpi PNP0A08:00: _OSC: OS now controls [PCIeHotplug SHPCHotplug PME AER PCIeCapability LTR DPC]
mai 07 09:15:53 puffer kernel: acpi PNP0A08:00: FADT indicates ASPM is unsupported, using BIOS configuration
mai 07 09:15:53 puffer kernel: PCI host bridge to bus 0000:00
mai 07 09:15:53 puffer kernel: pci_bus 0000:00: root bus resource [io  0x0000-0x0cf7 window]
mai 07 09:15:53 puffer kernel: pci_bus 0000:00: root bus resource [io  0x0d00-0xffff window]
mai 07 09:15:53 puffer kernel: pci_bus 0000:00: root bus resource [mem 0x000a0000-0x000bffff window]
mai 07 09:15:53 puffer kernel: pci_bus 0000:00: root bus resource [mem 0x000e0000-0x000e3fff window]
mai 07 09:15:53 puffer kernel: pci_bus 0000:00: root bus resource [mem 0x000e4000-0x000e7fff window]
mai 07 09:15:53 puffer kernel: pci_bus 0000:00: root bus resource [mem 0x000e8000-0x000ebfff window]
mai 07 09:15:53 puffer kernel: pci_bus 0000:00: root bus resource [mem 0x000ec000-0x000effff window]
mai 07 09:15:53 puffer kernel: pci_bus 0000:00: root bus resource [mem 0x000f0000-0x000fffff window]
mai 07 09:15:53 puffer kernel: pci_bus 0000:00: root bus resource [mem 0x9f800000-0xdfffffff window]
mai 07 09:15:53 puffer kernel: pci_bus 0000:00: root bus resource [mem 0xfc800000-0xfe7fffff window]
mai 07 09:15:53 puffer kernel: pci_bus 0000:00: root bus resource [bus 00-fe]
mai 07 09:15:53 puffer kernel: pci 0000:00:00.0: [8086:9b54] type 00 class 0x060000
mai 07 09:15:53 puffer kernel: pci 0000:00:01.0: [8086:1901] type 01 class 0x060400
mai 07 09:15:53 puffer kernel: pci 0000:00:01.0: PME# supported from D0 D3hot D3cold
mai 07 09:15:53 puffer kernel: pci 0000:00:02.0: [8086:9bc4] type 00 class 0x030000
mai 07 09:15:53 puffer kernel: pci 0000:00:02.0: reg 0x10: [mem 0xc4000000-0xc4ffffff 64bit]
mai 07 09:15:53 puffer kernel: pci 0000:00:02.0: reg 0x18: [mem 0xa0000000-0xafffffff 64bit pref]
mai 07 09:15:53 puffer kernel: pci 0000:00:02.0: reg 0x20: [io  0x7000-0x703f]
mai 07 09:15:53 puffer kernel: pci 0000:00:02.0: BAR 2: assigned to efifb
mai 07 09:15:53 puffer kernel: pci 0000:00:08.0: [8086:1911] type 00 class 0x088000
mai 07 09:15:53 puffer kernel: pci 0000:00:08.0: reg 0x10: [mem 0xc7724000-0xc7724fff 64bit]
mai 07 09:15:53 puffer kernel: pci 0000:00:12.0: [8086:06f9] type 00 class 0x118000
mai 07 09:15:53 puffer kernel: pci 0000:00:12.0: reg 0x10: [mem 0xc7723000-0xc7723fff 64bit]
mai 07 09:15:53 puffer kernel: pci 0000:00:14.0: [8086:06ed] type 00 class 0x0c0330
mai 07 09:15:53 puffer kernel: pci 0000:00:14.0: reg 0x10: [mem 0xc7700000-0xc770ffff 64bit]
mai 07 09:15:53 puffer kernel: pci 0000:00:14.0: PME# supported from D3hot D3cold
mai 07 09:15:53 puffer kernel: pci 0000:00:14.2: [8086:06ef] type 00 class 0x050000
mai 07 09:15:53 puffer kernel: pci 0000:00:14.2: reg 0x10: [mem 0xc771a000-0xc771bfff 64bit]
mai 07 09:15:53 puffer kernel: pci 0000:00:14.2: reg 0x18: [mem 0xc7722000-0xc7722fff 64bit]
mai 07 09:15:53 puffer kernel: pci 0000:00:14.3: [8086:06f0] type 00 class 0x028000
mai 07 09:15:53 puffer kernel: pci 0000:00:14.3: reg 0x10: [mem 0xc7714000-0xc7717fff 64bit]
mai 07 09:15:53 puffer kernel: pci 0000:00:14.3: PME# supported from D0 D3hot D3cold
mai 07 09:15:53 puffer kernel: pci 0000:00:15.0: [8086:06e8] type 00 class 0x0c8000
mai 07 09:15:53 puffer kernel: pci 0000:00:15.0: reg 0x10: [mem 0x00000000-0x00000fff 64bit]
mai 07 09:15:53 puffer kernel: pci 0000:00:16.0: [8086:06e0] type 00 class 0x078000
mai 07 09:15:53 puffer kernel: pci 0000:00:16.0: reg 0x10: [mem 0xc7720000-0xc7720fff 64bit]
mai 07 09:15:53 puffer kernel: pci 0000:00:16.0: PME# supported from D3hot
mai 07 09:15:53 puffer kernel: pci 0000:00:17.0: [8086:06d3] type 00 class 0x010601
mai 07 09:15:53 puffer kernel: pci 0000:00:17.0: reg 0x10: [mem 0xc7718000-0xc7719fff]
mai 07 09:15:53 puffer kernel: pci 0000:00:17.0: reg 0x14: [mem 0xc771f000-0xc771f0ff]
mai 07 09:15:53 puffer kernel: pci 0000:00:17.0: reg 0x18: [io  0x7090-0x7097]
mai 07 09:15:53 puffer kernel: pci 0000:00:17.0: reg 0x1c: [io  0x7080-0x7083]
mai 07 09:15:53 puffer kernel: pci 0000:00:17.0: reg 0x20: [io  0x7060-0x707f]
mai 07 09:15:53 puffer kernel: pci 0000:00:17.0: reg 0x24: [mem 0xc771e000-0xc771e7ff]
mai 07 09:15:53 puffer kernel: pci 0000:00:17.0: PME# supported from D3hot
mai 07 09:15:53 puffer kernel: pci 0000:00:1b.0: [8086:06ac] type 01 class 0x060400
mai 07 09:15:53 puffer kernel: pci 0000:00:1b.0: PME# supported from D0 D3hot D3cold
mai 07 09:15:53 puffer kernel: pci 0000:00:1b.0: PTM enabled (root), 4ns granularity
mai 07 09:15:53 puffer kernel: pci 0000:00:1d.0: [8086:06b0] type 01 class 0x060400
mai 07 09:15:53 puffer kernel: pci 0000:00:1d.0: PME# supported from D0 D3hot D3cold
mai 07 09:15:53 puffer kernel: pci 0000:00:1d.0: PTM enabled (root), 4ns granularity
mai 07 09:15:53 puffer kernel: pci 0000:00:1d.5: [8086:06b5] type 01 class 0x060400
mai 07 09:15:53 puffer kernel: pci 0000:00:1d.5: PME# supported from D0 D3hot D3cold
mai 07 09:15:53 puffer kernel: pci 0000:00:1d.5: PTM enabled (root), 4ns granularity
mai 07 09:15:53 puffer kernel: pci 0000:00:1e.0: [8086:06a8] type 00 class 0x078000
mai 07 09:15:53 puffer kernel: pci 0000:00:1e.0: reg 0x10: [mem 0x00000000-0x00000fff 64bit]
mai 07 09:15:53 puffer kernel: pci 0000:00:1f.0: [8086:068d] type 00 class 0x060100
mai 07 09:15:53 puffer kernel: pci 0000:00:1f.3: [8086:06c8] type 00 class 0x040300
mai 07 09:15:53 puffer kernel: pci 0000:00:1f.3: reg 0x10: [mem 0xc7710000-0xc7713fff 64bit]
mai 07 09:15:53 puffer kernel: pci 0000:00:1f.3: reg 0x20: [mem 0xc6100000-0xc61fffff 64bit]
mai 07 09:15:53 puffer kernel: pci 0000:00:1f.3: PME# supported from D3hot D3cold
mai 07 09:15:53 puffer kernel: pci 0000:00:1f.4: [8086:06a3] type 00 class 0x0c0500
mai 07 09:15:53 puffer kernel: pci 0000:00:1f.4: reg 0x10: [mem 0xc771c000-0xc771c0ff 64bit]
mai 07 09:15:53 puffer kernel: pci 0000:00:1f.4: reg 0x20: [io  0xefa0-0xefbf]
mai 07 09:15:53 puffer kernel: pci 0000:00:1f.5: [8086:06a4] type 00 class 0x0c8000
mai 07 09:15:53 puffer kernel: pci 0000:00:1f.5: reg 0x10: [mem 0xfe010000-0xfe010fff]
mai 07 09:15:53 puffer kernel: pci 0000:01:00.0: [10de:1f15] type 00 class 0x030000
mai 07 09:15:53 puffer kernel: pci 0000:01:00.0: reg 0x10: [mem 0xc5000000-0xc5ffffff]
mai 07 09:15:53 puffer kernel: pci 0000:01:00.0: reg 0x14: [mem 0xb0000000-0xbfffffff 64bit pref]
mai 07 09:15:53 puffer kernel: pci 0000:01:00.0: reg 0x1c: [mem 0xc0000000-0xc1ffffff 64bit pref]
mai 07 09:15:53 puffer kernel: pci 0000:01:00.0: reg 0x24: [io  0x6000-0x607f]
mai 07 09:15:53 puffer kernel: pci 0000:01:00.0: reg 0x30: [mem 0xc6000000-0xc607ffff pref]
mai 07 09:15:53 puffer kernel: pci 0000:01:00.0: PME# supported from D0 D3hot D3cold
mai 07 09:15:53 puffer kernel: pci 0000:01:00.1: [10de:10f9] type 00 class 0x040300
mai 07 09:15:53 puffer kernel: pci 0000:01:00.1: reg 0x10: [mem 0xc6080000-0xc6083fff]
mai 07 09:15:53 puffer kernel: pci 0000:01:00.2: [10de:1ada] type 00 class 0x0c0330
mai 07 09:15:53 puffer kernel: pci 0000:01:00.2: reg 0x10: [mem 0xc2000000-0xc203ffff 64bit pref]
mai 07 09:15:53 puffer kernel: pci 0000:01:00.2: reg 0x1c: [mem 0xc2040000-0xc204ffff 64bit pref]
mai 07 09:15:53 puffer kernel: pci 0000:01:00.2: PME# supported from D0 D3hot D3cold
mai 07 09:15:53 puffer kernel: pci 0000:01:00.3: [10de:1adb] type 00 class 0x0c8000
mai 07 09:15:53 puffer kernel: pci 0000:01:00.3: reg 0x10: [mem 0xc6084000-0xc6084fff]
mai 07 09:15:53 puffer kernel: pci 0000:01:00.3: PME# supported from D0 D3hot D3cold
mai 07 09:15:53 puffer kernel: pci 0000:00:01.0: PCI bridge to [bus 01]
mai 07 09:15:53 puffer kernel: pci 0000:00:01.0:   bridge window [io  0x6000-0x6fff]
mai 07 09:15:53 puffer kernel: pci 0000:00:01.0:   bridge window [mem 0xc5000000-0xc60fffff]
mai 07 09:15:53 puffer kernel: pci 0000:00:01.0:   bridge window [mem 0xb0000000-0xc20fffff 64bit pref]
mai 07 09:15:53 puffer kernel: pci 0000:02:00.0: [1cc1:33f8] type 00 class 0x010802
mai 07 09:15:53 puffer kernel: pci 0000:02:00.0: reg 0x10: [mem 0xc6c00000-0xc6c03fff 64bit]
mai 07 09:15:53 puffer kernel: pci 0000:00:1b.0: PCI bridge to [bus 02]
mai 07 09:15:53 puffer kernel: pci 0000:00:1b.0:   bridge window [io  0x5000-0x5fff]
mai 07 09:15:53 puffer kernel: pci 0000:00:1b.0:   bridge window [mem 0xc6c00000-0xc75fffff]
mai 07 09:15:53 puffer kernel: pci 0000:00:1b.0:   bridge window [mem 0xc2c00000-0xc35fffff 64bit pref]
mai 07 09:15:53 puffer kernel: pci 0000:00:1d.0: PCI bridge to [bus 03]
mai 07 09:15:53 puffer kernel: pci 0000:00:1d.0:   bridge window [io  0x4000-0x4fff]
mai 07 09:15:53 puffer kernel: pci 0000:00:1d.0:   bridge window [mem 0xc6200000-0xc6bfffff]
mai 07 09:15:53 puffer kernel: pci 0000:00:1d.0:   bridge window [mem 0xc2200000-0xc2bfffff 64bit pref]
mai 07 09:15:53 puffer kernel: pci 0000:04:00.0: [10ec:8168] type 00 class 0x020000
mai 07 09:15:53 puffer kernel: pci 0000:04:00.0: reg 0x10: [io  0x3000-0x30ff]
mai 07 09:15:53 puffer kernel: pci 0000:04:00.0: reg 0x18: [mem 0xc7604000-0xc7604fff 64bit]
mai 07 09:15:53 puffer kernel: pci 0000:04:00.0: reg 0x20: [mem 0xc7600000-0xc7603fff 64bit]
mai 07 09:15:53 puffer kernel: pci 0000:04:00.0: supports D1 D2
mai 07 09:15:53 puffer kernel: pci 0000:04:00.0: PME# supported from D0 D1 D2 D3hot D3cold
mai 07 09:15:53 puffer kernel: pci 0000:00:1d.5: PCI bridge to [bus 04]
mai 07 09:15:53 puffer kernel: pci 0000:00:1d.5:   bridge window [io  0x3000-0x3fff]
mai 07 09:15:53 puffer kernel: pci 0000:00:1d.5:   bridge window [mem 0xc7600000-0xc76fffff]
mai 07 09:15:53 puffer kernel: ACPI: PCI Interrupt Link [LNKA] (IRQs 3 4 5 6 10 11 12 14 15) *0
mai 07 09:15:53 puffer kernel: ACPI: PCI Interrupt Link [LNKB] (IRQs 3 4 5 6 10 11 12 14 15) *1
mai 07 09:15:53 puffer kernel: ACPI: PCI Interrupt Link [LNKC] (IRQs 3 4 5 6 10 11 12 14 15) *0
mai 07 09:15:53 puffer kernel: ACPI: PCI Interrupt Link [LNKD] (IRQs 3 4 5 6 10 11 12 14 15) *0
mai 07 09:15:53 puffer kernel: ACPI: PCI Interrupt Link [LNKE] (IRQs 3 4 5 6 10 11 12 14 15) *0
mai 07 09:15:53 puffer kernel: ACPI: PCI Interrupt Link [LNKF] (IRQs 3 4 5 6 10 11 12 14 15) *0
mai 07 09:15:53 puffer kernel: ACPI: PCI Interrupt Link [LNKG] (IRQs 3 4 5 6 10 11 12 14 15) *0
mai 07 09:15:53 puffer kernel: ACPI: PCI Interrupt Link [LNKH] (IRQs 3 4 5 6 10 11 12 14 15) *0
mai 07 09:15:53 puffer kernel: ACPI: EC: interrupt unblocked
mai 07 09:15:53 puffer kernel: ACPI: EC: event unblocked
mai 07 09:15:53 puffer kernel: ACPI: EC: EC_CMD/EC_SC=0x66, EC_DATA=0x62
mai 07 09:15:53 puffer kernel: ACPI: EC: GPE=0x6e
mai 07 09:15:53 puffer kernel: ACPI: \_SB_.PCI0.LPCB.EC0_: Boot DSDT EC initialization complete
mai 07 09:15:53 puffer kernel: ACPI: \_SB_.PCI0.LPCB.EC0_: EC: Used to handle transactions and events
mai 07 09:15:53 puffer kernel: iommu: Default domain type: Translated 
mai 07 09:15:53 puffer kernel: pci 0000:00:02.0: vgaarb: setting as boot VGA device
mai 07 09:15:53 puffer kernel: pci 0000:00:02.0: vgaarb: VGA device added: decodes=io+mem,owns=io+mem,locks=none
mai 07 09:15:53 puffer kernel: pci 0000:01:00.0: vgaarb: VGA device added: decodes=io+mem,owns=none,locks=none
mai 07 09:15:53 puffer kernel: pci 0000:00:02.0: vgaarb: no bridge control possible
mai 07 09:15:53 puffer kernel: pci 0000:01:00.0: vgaarb: bridge control possible
mai 07 09:15:53 puffer kernel: vgaarb: loaded
mai 07 09:15:53 puffer kernel: SCSI subsystem initialized
mai 07 09:15:53 puffer kernel: libata version 3.00 loaded.
mai 07 09:15:53 puffer kernel: ACPI: bus type USB registered
mai 07 09:15:53 puffer kernel: usbcore: registered new interface driver usbfs
mai 07 09:15:53 puffer kernel: usbcore: registered new interface driver hub
mai 07 09:15:53 puffer kernel: usbcore: registered new device driver usb
mai 07 09:15:53 puffer kernel: pps_core: LinuxPPS API ver. 1 registered
mai 07 09:15:53 puffer kernel: pps_core: Software ver. 5.3.6 - Copyright 2005-2007 Rodolfo Giometti <giometti@linux.it>
mai 07 09:15:53 puffer kernel: PTP clock support registered
mai 07 09:15:53 puffer kernel: EDAC MC: Ver: 3.0.0
mai 07 09:15:53 puffer kernel: Registered efivars operations
mai 07 09:15:53 puffer kernel: NetLabel: Initializing
mai 07 09:15:53 puffer kernel: NetLabel:  domain hash size = 128
mai 07 09:15:53 puffer kernel: NetLabel:  protocols = UNLABELED CIPSOv4 CALIPSO
mai 07 09:15:53 puffer kernel: NetLabel:  unlabeled traffic allowed by default
mai 07 09:15:53 puffer kernel: PCI: Using ACPI for IRQ routing
mai 07 09:15:53 puffer kernel: PCI: pci_cache_line_size set to 64 bytes
mai 07 09:15:53 puffer kernel: e820: reserve RAM buffer [mem 0x0009e000-0x0009ffff]
mai 07 09:15:53 puffer kernel: e820: reserve RAM buffer [mem 0x8ece7000-0x8fffffff]
mai 07 09:15:53 puffer kernel: e820: reserve RAM buffer [mem 0x90bea000-0x93ffffff]
mai 07 09:15:53 puffer kernel: e820: reserve RAM buffer [mem 0x974e1000-0x97ffffff]
mai 07 09:15:53 puffer kernel: e820: reserve RAM buffer [mem 0x99c4f000-0x9bffffff]
mai 07 09:15:53 puffer kernel: e820: reserve RAM buffer [mem 0x85e800000-0x85fffffff]
mai 07 09:15:53 puffer kernel: hpet0: at MMIO 0xfed00000, IRQs 2, 8, 0, 0, 0, 0, 0, 0
mai 07 09:15:53 puffer kernel: hpet0: 8 comparators, 64-bit 24.000000 MHz counter
mai 07 09:15:53 puffer kernel: clocksource: Switched to clocksource tsc-early
mai 07 09:15:53 puffer kernel: VFS: Disk quotas dquot_6.6.0
mai 07 09:15:53 puffer kernel: VFS: Dquot-cache hash table entries: 512 (order 0, 4096 bytes)
mai 07 09:15:53 puffer kernel: pnp: PnP ACPI init
mai 07 09:15:53 puffer kernel: system 00:00: [mem 0x40000000-0x403fffff] could not be reserved
mai 07 09:15:53 puffer kernel: system 00:00: Plug and Play ACPI device, IDs PNP0c02 (active)
mai 07 09:15:53 puffer kernel: pnp 00:01: Plug and Play ACPI device, IDs PNP0303 (active)
mai 07 09:15:53 puffer kernel: system 00:02: [io  0x0680-0x069f] has been reserved
mai 07 09:15:53 puffer kernel: system 00:02: [io  0x164e-0x164f] has been reserved
mai 07 09:15:53 puffer kernel: system 00:02: Plug and Play ACPI device, IDs PNP0c02 (active)
mai 07 09:15:53 puffer kernel: system 00:03: [io  0x1854-0x1857] has been reserved
mai 07 09:15:53 puffer kernel: system 00:03: Plug and Play ACPI device, IDs INT3f0d PNP0c02 (active)
mai 07 09:15:53 puffer kernel: system 00:04: [io  0x1800-0x18fe] could not be reserved
mai 07 09:15:53 puffer kernel: system 00:04: [mem 0xfd000000-0xfd69ffff] has been reserved
mai 07 09:15:53 puffer kernel: system 00:04: [mem 0xfd6c0000-0xfd6cffff] has been reserved
mai 07 09:15:53 puffer kernel: system 00:04: [mem 0xfd6f0000-0xfdffffff] has been reserved
mai 07 09:15:53 puffer kernel: system 00:04: [mem 0xfe000000-0xfe01ffff] could not be reserved
mai 07 09:15:53 puffer kernel: system 00:04: [mem 0xfe200000-0xfe7fffff] has been reserved
mai 07 09:15:53 puffer kernel: system 00:04: [mem 0xff000000-0xffffffff] has been reserved
mai 07 09:15:53 puffer kernel: system 00:04: Plug and Play ACPI device, IDs PNP0c02 (active)
mai 07 09:15:53 puffer kernel: system 00:05: [io  0x2000-0x20fe] has been reserved
mai 07 09:15:53 puffer kernel: system 00:05: Plug and Play ACPI device, IDs PNP0c02 (active)
mai 07 09:15:53 puffer kernel: system 00:06: [mem 0xfed10000-0xfed17fff] has been reserved
mai 07 09:15:53 puffer kernel: system 00:06: [mem 0xfed18000-0xfed18fff] has been reserved
mai 07 09:15:53 puffer kernel: system 00:06: [mem 0xfed19000-0xfed19fff] has been reserved
mai 07 09:15:53 puffer kernel: system 00:06: [mem 0xe0000000-0xefffffff] has been reserved
mai 07 09:15:53 puffer kernel: system 00:06: [mem 0xfed20000-0xfed3ffff] has been reserved
mai 07 09:15:53 puffer kernel: system 00:06: [mem 0xfed90000-0xfed93fff] could not be reserved
mai 07 09:15:53 puffer kernel: system 00:06: [mem 0xfed45000-0xfed8ffff] has been reserved
mai 07 09:15:53 puffer kernel: system 00:06: [mem 0xfee00000-0xfeefffff] could not be reserved
mai 07 09:15:53 puffer kernel: system 00:06: Plug and Play ACPI device, IDs PNP0c02 (active)
mai 07 09:15:53 puffer kernel: system 00:07: [mem 0xfe038000-0xfe038fff] has been reserved
mai 07 09:15:53 puffer kernel: system 00:07: Plug and Play ACPI device, IDs PNP0c02 (active)
mai 07 09:15:53 puffer kernel: pnp: PnP ACPI: found 8 devices
mai 07 09:15:53 puffer kernel: clocksource: acpi_pm: mask: 0xffffff max_cycles: 0xffffff, max_idle_ns: 2085701024 ns
mai 07 09:15:53 puffer kernel: NET: Registered protocol family 2
mai 07 09:15:53 puffer kernel: tcp_listen_portaddr_hash hash table entries: 16384 (order: 6, 262144 bytes, linear)
mai 07 09:15:53 puffer kernel: TCP established hash table entries: 262144 (order: 9, 2097152 bytes, linear)
mai 07 09:15:53 puffer kernel: TCP bind hash table entries: 65536 (order: 8, 1048576 bytes, linear)
mai 07 09:15:53 puffer kernel: TCP: Hash tables configured (established 262144 bind 65536)
mai 07 09:15:53 puffer kernel: MPTCP token hash table entries: 32768 (order: 7, 786432 bytes, linear)
mai 07 09:15:53 puffer kernel: UDP hash table entries: 16384 (order: 7, 524288 bytes, linear)
mai 07 09:15:53 puffer kernel: UDP-Lite hash table entries: 16384 (order: 7, 524288 bytes, linear)
mai 07 09:15:53 puffer kernel: NET: Registered protocol family 1
mai 07 09:15:53 puffer kernel: NET: Registered protocol family 44
mai 07 09:15:53 puffer kernel: pci 0000:00:15.0: BAR 0: assigned [mem 0x9f800000-0x9f800fff 64bit]
mai 07 09:15:53 puffer kernel: pci 0000:00:1e.0: BAR 0: assigned [mem 0x9f801000-0x9f801fff 64bit]
mai 07 09:15:53 puffer kernel: pci 0000:00:01.0: PCI bridge to [bus 01]
mai 07 09:15:53 puffer kernel: pci 0000:00:01.0:   bridge window [io  0x6000-0x6fff]
mai 07 09:15:53 puffer kernel: pci 0000:00:01.0:   bridge window [mem 0xc5000000-0xc60fffff]
mai 07 09:15:53 puffer kernel: pci 0000:00:01.0:   bridge window [mem 0xb0000000-0xc20fffff 64bit pref]
mai 07 09:15:53 puffer kernel: pci 0000:00:1b.0: PCI bridge to [bus 02]
mai 07 09:15:53 puffer kernel: pci 0000:00:1b.0:   bridge window [io  0x5000-0x5fff]
mai 07 09:15:53 puffer kernel: pci 0000:00:1b.0:   bridge window [mem 0xc6c00000-0xc75fffff]
mai 07 09:15:53 puffer kernel: pci 0000:00:1b.0:   bridge window [mem 0xc2c00000-0xc35fffff 64bit pref]
mai 07 09:15:53 puffer kernel: pci 0000:00:1d.0: PCI bridge to [bus 03]
mai 07 09:15:53 puffer kernel: pci 0000:00:1d.0:   bridge window [io  0x4000-0x4fff]
mai 07 09:15:53 puffer kernel: pci 0000:00:1d.0:   bridge window [mem 0xc6200000-0xc6bfffff]
mai 07 09:15:53 puffer kernel: pci 0000:00:1d.0:   bridge window [mem 0xc2200000-0xc2bfffff 64bit pref]
mai 07 09:15:53 puffer kernel: pci 0000:00:1d.5: PCI bridge to [bus 04]
mai 07 09:15:53 puffer kernel: pci 0000:00:1d.5:   bridge window [io  0x3000-0x3fff]
mai 07 09:15:53 puffer kernel: pci 0000:00:1d.5:   bridge window [mem 0xc7600000-0xc76fffff]
mai 07 09:15:53 puffer kernel: pci_bus 0000:00: resource 4 [io  0x0000-0x0cf7 window]
mai 07 09:15:53 puffer kernel: pci_bus 0000:00: resource 5 [io  0x0d00-0xffff window]
mai 07 09:15:53 puffer kernel: pci_bus 0000:00: resource 6 [mem 0x000a0000-0x000bffff window]
mai 07 09:15:53 puffer kernel: pci_bus 0000:00: resource 7 [mem 0x000e0000-0x000e3fff window]
mai 07 09:15:53 puffer kernel: pci_bus 0000:00: resource 8 [mem 0x000e4000-0x000e7fff window]
mai 07 09:15:53 puffer kernel: pci_bus 0000:00: resource 9 [mem 0x000e8000-0x000ebfff window]
mai 07 09:15:53 puffer kernel: pci_bus 0000:00: resource 10 [mem 0x000ec000-0x000effff window]
mai 07 09:15:53 puffer kernel: pci_bus 0000:00: resource 11 [mem 0x000f0000-0x000fffff window]
mai 07 09:15:53 puffer kernel: pci_bus 0000:00: resource 12 [mem 0x9f800000-0xdfffffff window]
mai 07 09:15:53 puffer kernel: pci_bus 0000:00: resource 13 [mem 0xfc800000-0xfe7fffff window]
mai 07 09:15:53 puffer kernel: pci_bus 0000:01: resource 0 [io  0x6000-0x6fff]
mai 07 09:15:53 puffer kernel: pci_bus 0000:01: resource 1 [mem 0xc5000000-0xc60fffff]
mai 07 09:15:53 puffer kernel: pci_bus 0000:01: resource 2 [mem 0xb0000000-0xc20fffff 64bit pref]
mai 07 09:15:53 puffer kernel: pci_bus 0000:02: resource 0 [io  0x5000-0x5fff]
mai 07 09:15:53 puffer kernel: pci_bus 0000:02: resource 1 [mem 0xc6c00000-0xc75fffff]
mai 07 09:15:53 puffer kernel: pci_bus 0000:02: resource 2 [mem 0xc2c00000-0xc35fffff 64bit pref]
mai 07 09:15:53 puffer kernel: pci_bus 0000:03: resource 0 [io  0x4000-0x4fff]
mai 07 09:15:53 puffer kernel: pci_bus 0000:03: resource 1 [mem 0xc6200000-0xc6bfffff]
mai 07 09:15:53 puffer kernel: pci_bus 0000:03: resource 2 [mem 0xc2200000-0xc2bfffff 64bit pref]
mai 07 09:15:53 puffer kernel: pci_bus 0000:04: resource 0 [io  0x3000-0x3fff]
mai 07 09:15:53 puffer kernel: pci_bus 0000:04: resource 1 [mem 0xc7600000-0xc76fffff]
mai 07 09:15:53 puffer kernel: pci 0000:00:02.0: Video device with shadowed ROM at [mem 0x000c0000-0x000dffff]
mai 07 09:15:53 puffer kernel: pci 0000:01:00.1: D0 power state depends on 0000:01:00.0
mai 07 09:15:53 puffer kernel: pci 0000:01:00.2: D0 power state depends on 0000:01:00.0
mai 07 09:15:53 puffer kernel: pci 0000:01:00.3: D0 power state depends on 0000:01:00.0
mai 07 09:15:53 puffer kernel: PCI: CLS 64 bytes, default 64
mai 07 09:15:53 puffer kernel: Trying to unpack rootfs image as initramfs...
mai 07 09:15:53 puffer kernel: Freeing initrd memory: 59124K
mai 07 09:15:53 puffer kernel: PCI-DMA: Using software bounce buffering for IO (SWIOTLB)
mai 07 09:15:53 puffer kernel: software IO TLB: mapped [mem 0x000000008a33c000-0x000000008e33c000] (64MB)
mai 07 09:15:53 puffer kernel: platform rtc_cmos: registered platform RTC device (no PNP device found)
mai 07 09:15:53 puffer kernel: check: Scanning for low memory corruption every 60 seconds
mai 07 09:15:53 puffer kernel: Initialise system trusted keyrings
mai 07 09:15:53 puffer kernel: Key type blacklist registered
mai 07 09:15:53 puffer kernel: workingset: timestamp_bits=41 max_order=23 bucket_order=0
mai 07 09:15:53 puffer kernel: zbud: loaded
mai 07 09:15:53 puffer kernel: Key type asymmetric registered
mai 07 09:15:53 puffer kernel: Asymmetric key parser 'x509' registered
mai 07 09:15:53 puffer kernel: Block layer SCSI generic (bsg) driver version 0.4 loaded (major 243)
mai 07 09:15:53 puffer kernel: io scheduler mq-deadline registered
mai 07 09:15:53 puffer kernel: io scheduler kyber registered
mai 07 09:15:53 puffer kernel: io scheduler bfq registered
mai 07 09:15:53 puffer kernel: atomic64_test: passed for x86-64 platform with CX8 and with SSE
mai 07 09:15:53 puffer kernel: pcieport 0000:00:01.0: PME: Signaling with IRQ 122
mai 07 09:15:53 puffer kernel: pcieport 0000:00:1b.0: PME: Signaling with IRQ 123
mai 07 09:15:53 puffer kernel: pcieport 0000:00:1b.0: AER: enabled with IRQ 123
mai 07 09:15:53 puffer kernel: pcieport 0000:00:1b.0: pciehp: Slot #24 AttnBtn- PwrCtrl- MRL- AttnInd- PwrInd- HotPlug+ Surprise+ Interlock- NoCompl+ IbPresDis- LLActRep+
mai 07 09:15:53 puffer kernel: pcieport 0000:00:1b.0: DPC: enabled with IRQ 123
mai 07 09:15:53 puffer kernel: pcieport 0000:00:1b.0: DPC: error containment capabilities: Int Msg #0, RPExt+ PoisonedTLP+ SwTrigger+ RP PIO Log 4, DL_ActiveErr+
mai 07 09:15:53 puffer kernel: pcieport 0000:00:1d.0: PME: Signaling with IRQ 124
mai 07 09:15:53 puffer kernel: pcieport 0000:00:1d.0: AER: enabled with IRQ 124
mai 07 09:15:53 puffer kernel: pcieport 0000:00:1d.0: pciehp: Slot #12 AttnBtn- PwrCtrl- MRL- AttnInd- PwrInd- HotPlug+ Surprise+ Interlock- NoCompl+ IbPresDis- LLActRep+
mai 07 09:15:53 puffer kernel: pcieport 0000:00:1d.0: DPC: enabled with IRQ 124
mai 07 09:15:53 puffer kernel: pcieport 0000:00:1d.0: DPC: error containment capabilities: Int Msg #0, RPExt+ PoisonedTLP+ SwTrigger+ RP PIO Log 4, DL_ActiveErr+
mai 07 09:15:53 puffer kernel: pcieport 0000:00:1d.5: PME: Signaling with IRQ 125
mai 07 09:15:53 puffer kernel: pcieport 0000:00:1d.5: AER: enabled with IRQ 125
mai 07 09:15:53 puffer kernel: pcieport 0000:00:1d.5: DPC: enabled with IRQ 125
mai 07 09:15:53 puffer kernel: pcieport 0000:00:1d.5: DPC: error containment capabilities: Int Msg #0, RPExt+ PoisonedTLP+ SwTrigger+ RP PIO Log 4, DL_ActiveErr+
mai 07 09:15:53 puffer kernel: shpchp: Standard Hot Plug PCI Controller Driver version: 0.4
mai 07 09:15:53 puffer kernel: efifb: probing for efifb
mai 07 09:15:53 puffer kernel: efifb: showing boot graphics
mai 07 09:15:53 puffer kernel: efifb: framebuffer at 0xa0000000, using 8128k, total 8128k
mai 07 09:15:53 puffer kernel: efifb: mode is 1920x1080x32, linelength=7680, pages=1
mai 07 09:15:53 puffer kernel: efifb: scrolling: redraw
mai 07 09:15:53 puffer kernel: efifb: Truecolor: size=8:8:8:8, shift=24:16:8:0
mai 07 09:15:53 puffer kernel: fbcon: Deferring console take-over
mai 07 09:15:53 puffer kernel: fb0: EFI VGA frame buffer device
mai 07 09:15:53 puffer kernel: intel_idle: MWAIT substates: 0x11142120
mai 07 09:15:53 puffer kernel: Monitor-Mwait will be used to enter C-1 state
mai 07 09:15:53 puffer kernel: Monitor-Mwait will be used to enter C-2 state
mai 07 09:15:53 puffer kernel: Monitor-Mwait will be used to enter C-3 state
mai 07 09:15:53 puffer kernel: ACPI: \_SB_.PR00: Found 3 idle states
mai 07 09:15:53 puffer kernel: intel_idle: v0.5.1 model 0xA5
mai 07 09:15:53 puffer kernel: intel_idle: Local APIC timer is reliable in all C-states
mai 07 09:15:53 puffer kernel: ACPI: AC Adapter [AC0] (on-line)
mai 07 09:15:53 puffer kernel: input: Sleep Button as /devices/LNXSYSTM:00/LNXSYBUS:00/PNP0C0E:00/input/input0
mai 07 09:15:53 puffer kernel: ACPI: Sleep Button [SLPB]
mai 07 09:15:53 puffer kernel: input: Power Button as /devices/LNXSYSTM:00/LNXSYBUS:00/PNP0C0C:00/input/input1
mai 07 09:15:53 puffer kernel: ACPI: Power Button [PWRB]
mai 07 09:15:53 puffer kernel: input: Lid Switch as /devices/LNXSYSTM:00/LNXSYBUS:00/PNP0C0D:00/input/input2
mai 07 09:15:53 puffer kernel: ACPI: Lid Switch [LID1]
mai 07 09:15:53 puffer kernel: input: Power Button as /devices/LNXSYSTM:00/LNXPWRBN:00/input/input3
mai 07 09:15:53 puffer kernel: ACPI: Power Button [PWRF]
mai 07 09:15:53 puffer kernel: thermal LNXTHERM:00: registered as thermal_zone0
mai 07 09:15:53 puffer kernel: ACPI: Thermal Zone [ECTZ] (52 C)
mai 07 09:15:53 puffer kernel: ACPI: Invalid active0 threshold
mai 07 09:15:53 puffer kernel: thermal LNXTHERM:01: registered as thermal_zone1
mai 07 09:15:53 puffer kernel: ACPI: Thermal Zone [TZ00] (52 C)
mai 07 09:15:53 puffer kernel: Serial: 8250/16550 driver, 32 ports, IRQ sharing enabled
mai 07 09:15:53 puffer kernel: Non-volatile memory driver v1.3
mai 07 09:15:53 puffer kernel: AMD-Vi: AMD IOMMUv2 driver by Joerg Roedel <jroedel@suse.de>
mai 07 09:15:53 puffer kernel: AMD-Vi: AMD IOMMUv2 functionality not available on this system
mai 07 09:15:53 puffer kernel: nvme 0000:02:00.0: platform quirk: setting simple suspend
mai 07 09:15:53 puffer kernel: nvme nvme0: pci function 0000:02:00.0
mai 07 09:15:53 puffer kernel: ahci 0000:00:17.0: version 3.0
mai 07 09:15:53 puffer kernel: ahci 0000:00:17.0: AHCI 0001.0301 32 slots 1 ports 6 Gbps 0x1 impl SATA mode
mai 07 09:15:53 puffer kernel: ahci 0000:00:17.0: flags: 64bit ncq sntf pm clo only pio slum part ems deso sadm sds apst 
mai 07 09:15:53 puffer kernel: scsi host0: ahci
mai 07 09:15:53 puffer kernel: ata1: SATA max UDMA/133 abar m2048@0xc771e000 port 0xc771e100 irq 126
mai 07 09:15:53 puffer kernel: ehci_hcd: USB 2.0 'Enhanced' Host Controller (EHCI) Driver
mai 07 09:15:53 puffer kernel: ehci-pci: EHCI PCI platform driver
mai 07 09:15:53 puffer kernel: ohci_hcd: USB 1.1 'Open' Host Controller (OHCI) Driver
mai 07 09:15:53 puffer kernel: ohci-pci: OHCI PCI platform driver
mai 07 09:15:53 puffer kernel: uhci_hcd: USB Universal Host Controller Interface driver
mai 07 09:15:53 puffer kernel: usbcore: registered new interface driver usbserial_generic
mai 07 09:15:53 puffer kernel: usbserial: USB Serial support registered for generic
mai 07 09:15:53 puffer kernel: rtc_cmos rtc_cmos: RTC can wake from S4
mai 07 09:15:53 puffer kernel: rtc_cmos rtc_cmos: registered as rtc0
mai 07 09:15:53 puffer kernel: rtc_cmos rtc_cmos: setting system clock to 2021-05-07T13:15:52 UTC (1620393352)
mai 07 09:15:53 puffer kernel: rtc_cmos rtc_cmos: alarms up to one month, y3k, 114 bytes nvram, hpet irqs
mai 07 09:15:53 puffer kernel: intel_pstate: Intel P-state driver initializing
mai 07 09:15:53 puffer kernel: intel_pstate: HWP enabled
mai 07 09:15:53 puffer kernel: ledtrig-cpu: registered to indicate activity on CPUs
mai 07 09:15:53 puffer kernel: hid: raw HID events driver (C) Jiri Kosina
mai 07 09:15:53 puffer kernel: intel_pmc_core INT33A1:00:  initialized
mai 07 09:15:53 puffer kernel: drop_monitor: Initializing network drop monitor service
mai 07 09:15:53 puffer kernel: Initializing XFRM netlink socket
mai 07 09:15:53 puffer kernel: NET: Registered protocol family 10
mai 07 09:15:53 puffer kernel: Segment Routing with IPv6
mai 07 09:15:53 puffer kernel: RPL Segment Routing with IPv6
mai 07 09:15:53 puffer kernel: NET: Registered protocol family 17
mai 07 09:15:53 puffer kernel: microcode: sig=0xa0652, pf=0x20, revision=0xe0
mai 07 09:15:53 puffer kernel: microcode: Microcode Update Driver: v2.2.
mai 07 09:15:53 puffer kernel: IPI shorthand broadcast: enabled
mai 07 09:15:53 puffer kernel: sched_clock: Marking stable (776273331, 539334)->(793692971, -16880306)
mai 07 09:15:53 puffer kernel: registered taskstats version 1
mai 07 09:15:53 puffer kernel: Loading compiled-in X.509 certificates
mai 07 09:15:53 puffer kernel: battery: ACPI: Battery Slot [BAT0] (battery present)
mai 07 09:15:53 puffer kernel: Loaded X.509 cert 'Build time autogenerated kernel key: c40b1d5f88a3ee9463d7b53c95d7ae37a77ad93a'
mai 07 09:15:53 puffer kernel: zswap: loaded using pool lz4/z3fold
mai 07 09:15:53 puffer kernel: Key type ._fscrypt registered
mai 07 09:15:53 puffer kernel: Key type .fscrypt registered
mai 07 09:15:53 puffer kernel: Key type fscrypt-provisioning registered
mai 07 09:15:53 puffer kernel: PM:   Magic number: 5:616:280
mai 07 09:15:53 puffer kernel: tty tty17: hash matches
mai 07 09:15:53 puffer kernel: memory memory146: hash matches
mai 07 09:15:53 puffer kernel: RAS: Correctable Errors collector initialized.
mai 07 09:15:53 puffer kernel: nvme nvme0: allocated 64 MiB host memory buffer.
mai 07 09:15:53 puffer kernel: nvme nvme0: 12/0/0 default/read/poll queues
mai 07 09:15:53 puffer kernel:  nvme0n1: p1 p2 p3 p4
mai 07 09:15:53 puffer kernel: ata1: SATA link up 6.0 Gbps (SStatus 133 SControl 300)
mai 07 09:15:53 puffer kernel: ata1.00: ATA-10: WDC WD20SPZX-22UA7T0, 01.01A01, max UDMA/133
mai 07 09:15:53 puffer kernel: ata1.00: 3907029168 sectors, multi 16: LBA48 NCQ (depth 32), AA
mai 07 09:15:53 puffer kernel: ata1.00: configured for UDMA/133
mai 07 09:15:53 puffer kernel: scsi 0:0:0:0: Direct-Access     ATA      WDC WD20SPZX-22U 1A01 PQ: 0 ANSI: 5
mai 07 09:15:53 puffer kernel: sd 0:0:0:0: [sda] 3907029168 512-byte logical blocks: (2.00 TB/1.82 TiB)
mai 07 09:15:53 puffer kernel: sd 0:0:0:0: [sda] 4096-byte physical blocks
mai 07 09:15:53 puffer kernel: sd 0:0:0:0: [sda] Write Protect is off
mai 07 09:15:53 puffer kernel: sd 0:0:0:0: [sda] Mode Sense: 00 3a 00 00
mai 07 09:15:53 puffer kernel: sd 0:0:0:0: [sda] Write cache: enabled, read cache: enabled, doesn't support DPO or FUA
mai 07 09:15:53 puffer kernel:  sda: sda1
mai 07 09:15:53 puffer kernel: sd 0:0:0:0: [sda] Attached SCSI disk
mai 07 09:15:53 puffer kernel: Freeing unused decrypted memory: 2036K
mai 07 09:15:53 puffer kernel: Freeing unused kernel image (initmem) memory: 1724K
mai 07 09:15:53 puffer kernel: Write protecting the kernel read-only data: 26624k
mai 07 09:15:53 puffer kernel: Freeing unused kernel image (text/rodata gap) memory: 2036K
mai 07 09:15:53 puffer kernel: Freeing unused kernel image (rodata/data gap) memory: 1456K
mai 07 09:15:53 puffer kernel: x86/mm: Checked W+X mappings: passed, no W+X pages found.
mai 07 09:15:53 puffer kernel: rodata_test: all tests were successful
mai 07 09:15:53 puffer kernel: Run /init as init process
mai 07 09:15:53 puffer kernel:   with arguments:
mai 07 09:15:53 puffer kernel:     /init
mai 07 09:15:53 puffer kernel:   with environment:
mai 07 09:15:53 puffer kernel:     HOME=/
mai 07 09:15:53 puffer kernel:     TERM=linux
mai 07 09:15:53 puffer kernel:     BOOT_IMAGE=/boot/vmlinuz-linux-lts
mai 07 09:15:53 puffer kernel: fbcon: Taking over console
mai 07 09:15:53 puffer kernel: Console: switching to colour frame buffer device 240x67
mai 07 09:15:53 puffer kernel: Linux agpgart interface v0.103
mai 07 09:15:53 puffer kernel: Setting dangerous option enable_guc - tainting kernel
mai 07 09:15:53 puffer kernel: Setting dangerous option enable_dc - tainting kernel
mai 07 09:15:53 puffer kernel: Setting dangerous option enable_fbc - tainting kernel
mai 07 09:15:53 puffer kernel: Setting dangerous option enable_psr - tainting kernel
mai 07 09:15:53 puffer kernel: checking generic (a0000000 7f0000) vs hw (c4000000 1000000)
mai 07 09:15:53 puffer kernel: checking generic (a0000000 7f0000) vs hw (a0000000 10000000)
mai 07 09:15:53 puffer kernel: fb0: switching to inteldrmfb from EFI VGA
mai 07 09:15:53 puffer kernel: Console: switching to colour dummy device 80x25
mai 07 09:15:53 puffer kernel: i915 0000:00:02.0: vgaarb: deactivate vga console
mai 07 09:15:53 puffer kernel: i915 0000:00:02.0: vgaarb: changed VGA decodes: olddecodes=io+mem,decodes=none:owns=io+mem
mai 07 09:15:53 puffer kernel: i915 0000:00:02.0: [drm] Finished loading DMC firmware i915/kbl_dmc_ver1_04.bin (v1.4)
mai 07 09:15:53 puffer kernel: [drm] GuC communication enabled
mai 07 09:15:53 puffer kernel: i915 0000:00:02.0: [drm] GuC firmware i915/cml_guc_33.0.0.bin version 33.0 submission:disabled
mai 07 09:15:53 puffer kernel: i915 0000:00:02.0: [drm] HuC firmware i915/cml_huc_4.0.0.bin version 4.0 authenticated:yes
mai 07 09:15:53 puffer kernel: [drm] Initialized i915 1.6.0 20200917 for 0000:00:02.0 on minor 0
mai 07 09:15:53 puffer kernel: ACPI: Video Device [GFX0] (multi-head: yes  rom: no  post: no)
mai 07 09:15:53 puffer kernel: input: Video Bus as /devices/LNXSYSTM:00/LNXSYBUS:00/PNP0A08:00/LNXVIDEO:00/input/input4
mai 07 09:15:53 puffer kernel: ACPI: Video Device [PEGP] (multi-head: no  rom: yes  post: no)
mai 07 09:15:53 puffer kernel: input: Video Bus as /devices/LNXSYSTM:00/LNXSYBUS:00/PNP0A08:00/device:13/LNXVIDEO:01/input/input5
mai 07 09:15:53 puffer kernel: fbcon: i915drmfb (fb0) is primary device
mai 07 09:15:53 puffer kernel: Console: switching to colour frame buffer device 240x67
mai 07 09:15:53 puffer kernel: i915 0000:00:02.0: [drm] fb0: i915drmfb frame buffer device
mai 07 09:15:53 puffer kernel: nvidia: loading out-of-tree module taints kernel.
mai 07 09:15:53 puffer kernel: nvidia: module license 'NVIDIA' taints kernel.
mai 07 09:15:53 puffer kernel: Disabling lock debugging due to kernel taint
mai 07 09:15:53 puffer kernel: nvidia: module verification failed: signature and/or required key missing - tainting kernel
mai 07 09:15:53 puffer kernel: nvidia-nvlink: Nvlink Core is being initialized, major device number 237
mai 07 09:15:53 puffer kernel: 
mai 07 09:15:53 puffer kernel: nvidia 0000:01:00.0: enabling device (0000 -> 0003)
mai 07 09:15:53 puffer kernel: nvidia 0000:01:00.0: vgaarb: changed VGA decodes: olddecodes=io+mem,decodes=none:owns=none
mai 07 09:15:53 puffer kernel: NVRM: loading NVIDIA UNIX x86_64 Kernel Module  465.27  Thu Apr 22 23:21:03 UTC 2021
mai 07 09:15:53 puffer kernel: nvidia-modeset: Loading NVIDIA Kernel Mode Setting Driver for UNIX platforms  465.27  Thu Apr 22 23:12:47 UTC 2021
mai 07 09:15:53 puffer kernel: nvidia_uvm: module uses symbols from proprietary module nvidia, inheriting taint.
mai 07 09:15:53 puffer kernel: nvidia-uvm: Loaded the UVM driver, major device number 235.
mai 07 09:15:53 puffer kernel: [drm] [nvidia-drm] [GPU ID 0x00000100] Loading driver
mai 07 09:15:53 puffer kernel: [drm] Initialized nvidia-drm 0.0.0 20160202 for 0000:01:00.0 on minor 1
mai 07 09:15:53 puffer kernel: i8042: PNP: PS/2 Controller [PNP0303:PS2K] at 0x60,0x64 irq 1
mai 07 09:15:53 puffer kernel: i8042: PNP: PS/2 appears to have AUX port disabled, if this is incorrect please boot with i8042.nopnp
mai 07 09:15:53 puffer kernel: serio: i8042 KBD port at 0x60,0x64 irq 1
mai 07 09:15:53 puffer kernel: xhci_hcd 0000:00:14.0: xHCI Host Controller
mai 07 09:15:53 puffer kernel: xhci_hcd 0000:00:14.0: new USB bus registered, assigned bus number 1
mai 07 09:15:53 puffer kernel: xhci_hcd 0000:00:14.0: hcc params 0x200077c1 hci version 0x110 quirks 0x0000000000009810
mai 07 09:15:53 puffer kernel: xhci_hcd 0000:00:14.0: cache line size of 64 is not supported
mai 07 09:15:53 puffer kernel: usb usb1: New USB device found, idVendor=1d6b, idProduct=0002, bcdDevice= 5.10
mai 07 09:15:53 puffer kernel: usb usb1: New USB device strings: Mfr=3, Product=2, SerialNumber=1
mai 07 09:15:53 puffer kernel: usb usb1: Product: xHCI Host Controller
mai 07 09:15:53 puffer kernel: usb usb1: Manufacturer: Linux 5.10.34-1-lts xhci-hcd
mai 07 09:15:53 puffer kernel: usb usb1: SerialNumber: 0000:00:14.0
mai 07 09:15:53 puffer kernel: hub 1-0:1.0: USB hub found
mai 07 09:15:53 puffer kernel: hub 1-0:1.0: 16 ports detected
mai 07 09:15:53 puffer kernel: xhci_hcd 0000:00:14.0: xHCI Host Controller
mai 07 09:15:53 puffer kernel: xhci_hcd 0000:00:14.0: new USB bus registered, assigned bus number 2
mai 07 09:15:53 puffer kernel: xhci_hcd 0000:00:14.0: Host supports USB 3.1 Enhanced SuperSpeed
mai 07 09:15:53 puffer kernel: usb usb2: New USB device found, idVendor=1d6b, idProduct=0003, bcdDevice= 5.10
mai 07 09:15:53 puffer kernel: usb usb2: New USB device strings: Mfr=3, Product=2, SerialNumber=1
mai 07 09:15:53 puffer kernel: usb usb2: Product: xHCI Host Controller
mai 07 09:15:53 puffer kernel: usb usb2: Manufacturer: Linux 5.10.34-1-lts xhci-hcd
mai 07 09:15:53 puffer kernel: usb usb2: SerialNumber: 0000:00:14.0
mai 07 09:15:53 puffer kernel: hub 2-0:1.0: USB hub found
mai 07 09:15:53 puffer kernel: hub 2-0:1.0: 8 ports detected
mai 07 09:15:53 puffer kernel: usb: port power management may be unreliable
mai 07 09:15:53 puffer kernel: xhci_hcd 0000:01:00.2: xHCI Host Controller
mai 07 09:15:53 puffer kernel: xhci_hcd 0000:01:00.2: new USB bus registered, assigned bus number 3
mai 07 09:15:53 puffer kernel: xhci_hcd 0000:01:00.2: hcc params 0x0180ff05 hci version 0x110 quirks 0x0000000000000010
mai 07 09:15:53 puffer kernel: usb usb3: New USB device found, idVendor=1d6b, idProduct=0002, bcdDevice= 5.10
mai 07 09:15:53 puffer kernel: usb usb3: New USB device strings: Mfr=3, Product=2, SerialNumber=1
mai 07 09:15:53 puffer kernel: usb usb3: Product: xHCI Host Controller
mai 07 09:15:53 puffer kernel: usb usb3: Manufacturer: Linux 5.10.34-1-lts xhci-hcd
mai 07 09:15:53 puffer kernel: usb usb3: SerialNumber: 0000:01:00.2
mai 07 09:15:53 puffer kernel: hub 3-0:1.0: USB hub found
mai 07 09:15:53 puffer kernel: hub 3-0:1.0: 2 ports detected
mai 07 09:15:53 puffer kernel: xhci_hcd 0000:01:00.2: xHCI Host Controller
mai 07 09:15:53 puffer kernel: xhci_hcd 0000:01:00.2: new USB bus registered, assigned bus number 4
mai 07 09:15:53 puffer kernel: xhci_hcd 0000:01:00.2: Host supports USB 3.1 Enhanced SuperSpeed
mai 07 09:15:53 puffer kernel: usb usb4: We don't know the algorithms for LPM for this host, disabling LPM.
mai 07 09:15:53 puffer kernel: usb usb4: New USB device found, idVendor=1d6b, idProduct=0003, bcdDevice= 5.10
mai 07 09:15:53 puffer kernel: usb usb4: New USB device strings: Mfr=3, Product=2, SerialNumber=1
mai 07 09:15:53 puffer kernel: usb usb4: Product: xHCI Host Controller
mai 07 09:15:53 puffer kernel: usb usb4: Manufacturer: Linux 5.10.34-1-lts xhci-hcd
mai 07 09:15:53 puffer kernel: usb usb4: SerialNumber: 0000:01:00.2
mai 07 09:15:53 puffer kernel: hub 4-0:1.0: USB hub found
mai 07 09:15:53 puffer kernel: hub 4-0:1.0: 4 ports detected
mai 07 09:15:53 puffer kernel: input: AT Translated Set 2 keyboard as /devices/platform/i8042/serio0/input/input6
mai 07 09:15:53 puffer kernel: tsc: Refined TSC clocksource calibration: 2591.992 MHz
mai 07 09:15:53 puffer kernel: clocksource: tsc: mask: 0xffffffffffffffff max_cycles: 0x255caf4cf76, max_idle_ns: 440795231078 ns
mai 07 09:15:53 puffer kernel: clocksource: Switched to clocksource tsc
mai 07 09:15:53 puffer kernel: random: fast init done
mai 07 09:15:53 puffer kernel: EXT4-fs (nvme0n1p2): mounted filesystem with ordered data mode. Opts: (null)
mai 07 09:15:53 puffer kernel: usb 1-2: new high-speed USB device number 2 using xhci_hcd
mai 07 09:15:53 puffer systemd[1]: systemd 248-5-arch running in system mode. (+PAM +AUDIT -SELINUX -APPARMOR -IMA +SMACK +SECCOMP +GCRYPT +GNUTLS +OPENSSL +ACL +BLKID +CURL +ELFUTILS +FIDO2 +IDN2 -IDN +IPTC +KMOD +LIBCRYPTSETUP +LIBFDISK +PCRE2 -PWQUALITY +P11KIT -QRENCODE +BZIP2 +LZ4 +XZ +ZLIB +ZSTD +XKBCOMMON +UTMP -SYSVINIT default-hierarchy=unified)
mai 07 09:15:53 puffer systemd[1]: Detected architecture x86-64.
mai 07 09:15:53 puffer systemd[1]: Hostname set to <puffer>.
mai 07 09:15:53 puffer kernel: random: lvmconfig: uninitialized urandom read (4 bytes read)
mai 07 09:15:53 puffer systemd[1]: Queued start job for default target Multi-User System.
mai 07 09:15:53 puffer systemd[1]: Created slice system-getty.slice.
mai 07 09:15:53 puffer systemd[1]: Created slice system-modprobe.slice.
mai 07 09:15:53 puffer systemd[1]: Created slice system-systemd\x2dfsck.slice.
mai 07 09:15:53 puffer systemd[1]: Created slice User and Session Slice.
mai 07 09:15:53 puffer systemd[1]: Started Dispatch Password Requests to Console Directory Watch.
mai 07 09:15:53 puffer systemd[1]: Started Forward Password Requests to Wall Directory Watch.
mai 07 09:15:53 puffer systemd[1]: Set up automount Arbitrary Executable File Formats File System Automount Point.
mai 07 09:15:53 puffer systemd[1]: Reached target Local Encrypted Volumes.
mai 07 09:15:53 puffer systemd[1]: Reached target Paths.
mai 07 09:15:53 puffer systemd[1]: Reached target Remote File Systems.
mai 07 09:15:53 puffer systemd[1]: Reached target Slices.
mai 07 09:15:53 puffer systemd[1]: Reached target Local Verity Integrity Protected Volumes.
mai 07 09:15:53 puffer systemd[1]: Listening on Device-mapper event daemon FIFOs.
mai 07 09:15:53 puffer systemd[1]: Listening on LVM2 poll daemon socket.
mai 07 09:15:53 puffer kernel: usb 1-2: New USB device found, idVendor=0bda, idProduct=0129, bcdDevice=39.60
mai 07 09:15:53 puffer kernel: usb 1-2: New USB device strings: Mfr=1, Product=2, SerialNumber=3
mai 07 09:15:53 puffer kernel: usb 1-2: Product: USB2.0-CRW
mai 07 09:15:53 puffer kernel: usb 1-2: Manufacturer: Generic
mai 07 09:15:53 puffer kernel: usb 1-2: SerialNumber: 20100201396000000
mai 07 09:15:53 puffer systemd[1]: Listening on Process Core Dump Socket.
mai 07 09:15:53 puffer systemd[1]: Listening on Journal Audit Socket.
mai 07 09:15:53 puffer systemd[1]: Listening on Journal Socket (/dev/log).
mai 07 09:15:53 puffer systemd[1]: Listening on Journal Socket.
mai 07 09:15:53 puffer systemd[1]: Listening on udev Control Socket.
mai 07 09:15:53 puffer systemd[1]: Listening on udev Kernel Socket.
mai 07 09:15:53 puffer systemd[1]: Mounting Huge Pages File System...
mai 07 09:15:53 puffer systemd[1]: Mounting POSIX Message Queue File System...
mai 07 09:15:53 puffer systemd[1]: Mounting Kernel Debug File System...
mai 07 09:15:53 puffer systemd[1]: Mounting Kernel Trace File System...
mai 07 09:15:53 puffer systemd[1]: Starting Create list of static device nodes for the current kernel...
mai 07 09:15:53 puffer systemd[1]: Starting Monitoring of LVM2 mirrors, snapshots etc. using dmeventd or progress polling...
mai 07 09:15:53 puffer systemd[1]: Starting Load Kernel Module configfs...
mai 07 09:15:53 puffer systemd[1]: Starting Load Kernel Module drm...
mai 07 09:15:53 puffer systemd[1]: Starting Load Kernel Module fuse...
mai 07 09:15:53 puffer systemd[1]: Condition check resulted in Set Up Additional Binary Formats being skipped.
mai 07 09:15:53 puffer systemd[1]: Condition check resulted in File System Check on Root Device being skipped.
mai 07 09:15:53 puffer kernel: random: lvm: uninitialized urandom read (4 bytes read)
mai 07 09:15:53 puffer systemd[1]: Starting Journal Service...
mai 07 09:15:53 puffer systemd[1]: Starting Load Kernel Modules...
mai 07 09:15:53 puffer systemd[1]: Starting Remount Root and Kernel File Systems...
mai 07 09:15:53 puffer systemd[1]: Condition check resulted in Repartition Root Disk being skipped.
mai 07 09:15:53 puffer systemd[1]: Starting Coldplug All udev Devices...
mai 07 09:15:53 puffer systemd[1]: Mounted Huge Pages File System.
mai 07 09:15:53 puffer systemd[1]: Mounted POSIX Message Queue File System.
mai 07 09:15:53 puffer systemd[1]: Mounted Kernel Debug File System.
mai 07 09:15:53 puffer systemd[1]: Mounted Kernel Trace File System.
mai 07 09:15:53 puffer systemd[1]: Finished Create list of static device nodes for the current kernel.
mai 07 09:15:53 puffer systemd[1]: modprobe@configfs.service: Deactivated successfully.
mai 07 09:15:53 puffer systemd[1]: Finished Load Kernel Module configfs.
mai 07 09:15:53 puffer systemd[1]: modprobe@drm.service: Deactivated successfully.
mai 07 09:15:53 puffer systemd[1]: Finished Load Kernel Module drm.
mai 07 09:15:53 puffer systemd[1]: Mounting Kernel Configuration File System...
mai 07 09:15:53 puffer systemd[1]: Mounted Kernel Configuration File System.
mai 07 09:15:53 puffer kernel: EXT4-fs (nvme0n1p2): re-mounted. Opts: (null)
mai 07 09:15:53 puffer systemd[1]: Finished Remount Root and Kernel File Systems.
mai 07 09:15:53 puffer kernel: audit: type=1130 audit(1620393353.935:2): pid=1 uid=0 auid=4294967295 ses=4294967295 msg='unit=systemd-remount-fs comm="systemd" exe="/usr/lib/systemd/systemd" hostname=? addr=? terminal=? res=success'
mai 07 09:15:53 puffer systemd[1]: Condition check resulted in First Boot Wizard being skipped.
mai 07 09:15:53 puffer systemd[1]: Condition check resulted in Rebuild Hardware Database being skipped.
mai 07 09:15:53 puffer kernel: Asymmetric key parser 'pkcs8' registered
mai 07 09:15:53 puffer systemd[1]: Starting Load/Save Random Seed...
mai 07 09:15:53 puffer systemd[1]: Condition check resulted in Create System Users being skipped.
mai 07 09:15:53 puffer kernel: fuse: init (API version 7.32)
mai 07 09:15:53 puffer systemd[1]: Starting Create Static Device Nodes in /dev...
mai 07 09:15:53 puffer systemd[1]: modprobe@fuse.service: Deactivated successfully.
mai 07 09:15:53 puffer systemd[1]: Finished Load Kernel Module fuse.
mai 07 09:15:53 puffer kernel: audit: type=1130 audit(1620393353.935:3): pid=1 uid=0 auid=4294967295 ses=4294967295 msg='unit=modprobe@fuse comm="systemd" exe="/usr/lib/systemd/systemd" hostname=? addr=? terminal=? res=success'
mai 07 09:15:53 puffer kernel: audit: type=1131 audit(1620393353.935:4): pid=1 uid=0 auid=4294967295 ses=4294967295 msg='unit=modprobe@fuse comm="systemd" exe="/usr/lib/systemd/systemd" hostname=? addr=? terminal=? res=success'
mai 07 09:15:53 puffer systemd[1]: Mounting FUSE Control File System...
mai 07 09:15:53 puffer systemd[1]: Mounted FUSE Control File System.
mai 07 09:15:53 puffer systemd[1]: Finished Load Kernel Modules.
mai 07 09:15:53 puffer kernel: audit: type=1130 audit(1620393353.945:5): pid=1 uid=0 auid=4294967295 ses=4294967295 msg='unit=systemd-modules-load comm="systemd" exe="/usr/lib/systemd/systemd" hostname=? addr=? terminal=? res=success'
mai 07 09:15:53 puffer systemd[1]: Starting Apply Kernel Variables...
mai 07 09:15:53 puffer systemd[1]: Finished Apply Kernel Variables.
mai 07 09:15:53 puffer kernel: audit: type=1130 audit(1620393353.945:6): pid=1 uid=0 auid=4294967295 ses=4294967295 msg='unit=systemd-sysctl comm="systemd" exe="/usr/lib/systemd/systemd" hostname=? addr=? terminal=? res=success'
mai 07 09:15:53 puffer systemd[1]: Finished Create Static Device Nodes in /dev.
mai 07 09:15:53 puffer kernel: audit: type=1130 audit(1620393353.955:7): pid=1 uid=0 auid=4294967295 ses=4294967295 msg='unit=systemd-tmpfiles-setup-dev comm="systemd" exe="/usr/lib/systemd/systemd" hostname=? addr=? terminal=? res=success'
mai 07 09:15:53 puffer kernel: audit: type=1334 audit(1620393353.955:8): prog-id=14 op=LOAD
mai 07 09:15:53 puffer kernel: audit: type=1334 audit(1620393353.955:9): prog-id=15 op=LOAD
mai 07 09:15:53 puffer kernel: audit: type=1334 audit(1620393353.955:10): prog-id=16 op=LOAD
mai 07 09:15:53 puffer systemd[1]: Starting Rule-based Manager for Device Events and Files...
mai 07 09:15:53 puffer systemd-journald[267]: Journal started
mai 07 09:15:53 puffer systemd-journald[267]: Runtime Journal (/run/log/journal/a6505a3d3f7b4729a349b759e36f6d0e) is 8.0M, max 1.5G, 1.5G free.
mai 07 09:15:53 puffer audit[1]: SERVICE_START pid=1 uid=0 auid=4294967295 ses=4294967295 msg='unit=systemd-remount-fs comm="systemd" exe="/usr/lib/systemd/systemd" hostname=? addr=? terminal=? res=success'
mai 07 09:15:53 puffer audit[1]: SERVICE_START pid=1 uid=0 auid=4294967295 ses=4294967295 msg='unit=modprobe@fuse comm="systemd" exe="/usr/lib/systemd/systemd" hostname=? addr=? terminal=? res=success'
mai 07 09:15:53 puffer audit[1]: SERVICE_STOP pid=1 uid=0 auid=4294967295 ses=4294967295 msg='unit=modprobe@fuse comm="systemd" exe="/usr/lib/systemd/systemd" hostname=? addr=? terminal=? res=success'
mai 07 09:15:53 puffer audit[1]: SERVICE_START pid=1 uid=0 auid=4294967295 ses=4294967295 msg='unit=systemd-modules-load comm="systemd" exe="/usr/lib/systemd/systemd" hostname=? addr=? terminal=? res=success'
mai 07 09:15:53 puffer audit[1]: SERVICE_START pid=1 uid=0 auid=4294967295 ses=4294967295 msg='unit=systemd-sysctl comm="systemd" exe="/usr/lib/systemd/systemd" hostname=? addr=? terminal=? res=success'
mai 07 09:15:53 puffer audit[1]: SERVICE_START pid=1 uid=0 auid=4294967295 ses=4294967295 msg='unit=systemd-tmpfiles-setup-dev comm="systemd" exe="/usr/lib/systemd/systemd" hostname=? addr=? terminal=? res=success'
mai 07 09:15:53 puffer audit: BPF prog-id=14 op=LOAD
mai 07 09:15:53 puffer audit: BPF prog-id=15 op=LOAD
mai 07 09:15:53 puffer audit: BPF prog-id=16 op=LOAD
mai 07 09:15:53 puffer audit[1]: SERVICE_START pid=1 uid=0 auid=4294967295 ses=4294967295 msg='unit=systemd-journald comm="systemd" exe="/usr/lib/systemd/systemd" hostname=? addr=? terminal=? res=success'
mai 07 09:15:53 puffer systemd-modules-load[268]: Inserted module 'crypto_user'
mai 07 09:15:53 puffer systemd-modules-load[268]: Inserted module 'pkcs8_key_parser'
mai 07 09:15:53 puffer systemd-modules-load[268]: Module 'msr' is built in
mai 07 09:15:53 puffer systemd-modules-load[268]: Inserted module 'coretemp'
mai 07 09:15:53 puffer systemd-random-seed[274]: Kernel entropy pool is not initialized yet, waiting until it is.
mai 07 09:15:53 puffer systemd[1]: Starting Flush Journal to Persistent Storage...
mai 07 09:15:53 puffer systemd-journald[267]: Time spent on flushing to /var/log/journal/a6505a3d3f7b4729a349b759e36f6d0e is 54.538ms for 949 entries.
mai 07 09:15:53 puffer systemd-journald[267]: System Journal (/var/log/journal/a6505a3d3f7b4729a349b759e36f6d0e) is 264.0M, max 4.0G, 3.7G free.
mai 07 09:15:54 puffer systemd[1]: Started Journal Service.
mai 07 09:15:54 puffer kernel: acpi PNP0C14:03: duplicate WMI GUID 05901221-D566-11D1-B2F0-00A0C9062910 (first instance was on PNP0C14:02)
mai 07 09:15:53 puffer audit[1]: SERVICE_START pid=1 uid=0 auid=4294967295 ses=4294967295 msg='unit=systemd-udev-trigger comm="systemd" exe="/usr/lib/systemd/systemd" hostname=? addr=? terminal=? res=success'
mai 07 09:15:54 puffer audit[1]: SERVICE_START pid=1 uid=0 auid=4294967295 ses=4294967295 msg='unit=systemd-udevd comm="systemd" exe="/usr/lib/systemd/systemd" hostname=? addr=? terminal=? res=success'
mai 07 09:15:53 puffer systemd-udevd[279]: Configuration file /etc/udev/rules.d/64-smfp_samsung.rules is marked executable. Please remove executable permission bits. Proceeding anyway.
mai 07 09:15:54 puffer audit[1]: SERVICE_START pid=1 uid=0 auid=4294967295 ses=4294967295 msg='unit=systemd-journal-flush comm="systemd" exe="/usr/lib/systemd/systemd" hostname=? addr=? terminal=? res=success'
mai 07 09:15:54 puffer systemd[1]: Finished Coldplug All udev Devices.
mai 07 09:15:54 puffer systemd[1]: Started Rule-based Manager for Device Events and Files.
mai 07 09:15:54 puffer systemd[1]: Finished Flush Journal to Persistent Storage.
mai 07 09:15:54 puffer systemd[1]: Created slice system-systemd\x2dbacklight.slice.
mai 07 09:15:54 puffer systemd[1]: Starting Load/Save Screen Backlight Brightness of backlight:intel_backlight...
mai 07 09:15:54 puffer kernel: nvidia-gpu 0000:01:00.3: enabling device (0000 -> 0002)
mai 07 09:15:54 puffer kernel: intel_pch_thermal 0000:00:12.0: enabling device (0000 -> 0002)
mai 07 09:15:54 puffer kernel: usb 1-9: new full-speed USB device number 3 using xhci_hcd
mai 07 09:15:54 puffer systemd[1]: Finished Load/Save Screen Backlight Brightness of backlight:intel_backlight.
mai 07 09:15:54 puffer audit[1]: SERVICE_START pid=1 uid=0 auid=4294967295 ses=4294967295 msg='unit=systemd-backlight@backlight:intel_backlight comm="systemd" exe="/usr/lib/systemd/systemd" hostname=? addr=? terminal=? res=success'
mai 07 09:15:54 puffer kernel: mei_me 0000:00:16.0: enabling device (0000 -> 0002)
mai 07 09:15:54 puffer systemd[1]: Found device WDC_WD20SPZX-22UA7T0 1.
mai 07 09:15:54 puffer systemd[1]: Found device IM2P33F8BR1-512GB 1.
mai 07 09:15:54 puffer systemd[1]: Found device IM2P33F8BR1-512GB 3.
mai 07 09:15:54 puffer systemd[1]: Found device IM2P33F8BR1-512GB 4.
mai 07 09:15:54 puffer systemd[1]: Activating swap /dev/disk/by-uuid/598c1893-37c7-4059-a43a-cd2759bf96e4...
mai 07 09:15:54 puffer kernel: intel-lpss 0000:00:15.0: enabling device (0004 -> 0006)
mai 07 09:15:54 puffer kernel: idma64 idma64.0: Found Intel integrated DMA 64-bit
mai 07 09:15:54 puffer kernel: i2c_hid i2c-UNIW0001:00: supply vdd not found, using dummy regulator
mai 07 09:15:54 puffer kernel: i2c_hid i2c-UNIW0001:00: supply vddl not found, using dummy regulator
mai 07 09:15:54 puffer kernel: cfg80211: Loading compiled-in X.509 certificates for regulatory database
mai 07 09:15:54 puffer kernel: cfg80211: Loaded X.509 cert 'sforshee: 00b28ddf47aef9cea7'
mai 07 09:15:54 puffer kernel: platform regulatory.0: Direct firmware load for regulatory.db failed with error -2
mai 07 09:15:54 puffer kernel: cfg80211: failed to load regulatory.db
mai 07 09:15:54 puffer kernel: r8169 0000:04:00.0: can't disable ASPM; OS doesn't have ASPM control
mai 07 09:15:54 puffer kernel: intel-lpss 0000:00:1e.0: enabling device (0000 -> 0002)
mai 07 09:15:54 puffer kernel: idma64 idma64.1: Found Intel integrated DMA 64-bit
mai 07 09:15:54 puffer kernel: libphy: r8169: probed
mai 07 09:15:54 puffer kernel: r8169 0000:04:00.0 eth0: RTL8168h/8111h, b0:25:aa:3b:23:e1, XID 541, IRQ 146
mai 07 09:15:54 puffer kernel: r8169 0000:04:00.0 eth0: jumbo features [frames: 9194 bytes, tx checksumming: ko]
mai 07 09:15:54 puffer systemd[1]: Activated swap /dev/disk/by-uuid/598c1893-37c7-4059-a43a-cd2759bf96e4.
mai 07 09:15:54 puffer systemd[1]: Reached target Swap.
mai 07 09:15:54 puffer systemd[1]: Mounting Temporary Directory (/tmp)...
mai 07 09:15:54 puffer systemd[1]: Mounted Temporary Directory (/tmp).
mai 07 09:15:54 puffer kernel: Adding 39845884k swap on /dev/nvme0n1p3.  Priority:-2 extents:1 across:39845884k SSFS
mai 07 09:15:54 puffer kernel: usb 1-9: New USB device found, idVendor=258a, idProduct=1006, bcdDevice=20.37
mai 07 09:15:54 puffer kernel: usb 1-9: New USB device strings: Mfr=1, Product=2, SerialNumber=0
mai 07 09:15:54 puffer kernel: usb 1-9: Product: Gaming KB 
mai 07 09:15:54 puffer kernel: usb 1-9: Manufacturer: Gaming KB 
mai 07 09:15:54 puffer systemd[1]: Finished Monitoring of LVM2 mirrors, snapshots etc. using dmeventd or progress polling.
mai 07 09:15:54 puffer audit[1]: SERVICE_START pid=1 uid=0 auid=4294967295 ses=4294967295 msg='unit=lvm2-monitor comm="systemd" exe="/usr/lib/systemd/systemd" hostname=? addr=? terminal=? res=success'
mai 07 09:15:54 puffer systemd[1]: Reached target Local File Systems (Pre).
mai 07 09:15:54 puffer systemd[1]: Condition check resulted in Virtual Machine and Container Storage (Compatibility) being skipped.
mai 07 09:15:54 puffer systemd[1]: Starting File System Check on /dev/disk/by-uuid/51763606-e819-412c-9fab-3814044d2182...
mai 07 09:15:54 puffer systemd[1]: Starting File System Check on /dev/disk/by-uuid/DBC3-D499...
mai 07 09:15:54 puffer systemd[1]: Starting File System Check on /dev/disk/by-uuid/ff10e1fe-ef46-4c6f-b33a-d8fd40d3f97b...
mai 07 09:15:54 puffer kernel: input: UNIW0001:00 093A:0255 Mouse as /devices/pci0000:00/0000:00:15.0/i2c_designware.0/i2c-6/i2c-UNIW0001:00/0018:093A:0255.0001/input/input7
mai 07 09:15:54 puffer kernel: input: UNIW0001:00 093A:0255 Touchpad as /devices/pci0000:00/0000:00:15.0/i2c_designware.0/i2c-6/i2c-UNIW0001:00/0018:093A:0255.0001/input/input8
mai 07 09:15:54 puffer kernel: hid-generic 0018:093A:0255.0001: input,hidraw0: I2C HID v1.00 Mouse [UNIW0001:00 093A:0255] on i2c-UNIW0001:00
mai 07 09:15:54 puffer systemd-fsck[353]: fsck.fat 4.2 (2021-01-31)
mai 07 09:15:54 puffer systemd-fsck[353]: /dev/nvme0n1p1: 3 files, 36/127746 clusters
mai 07 09:15:54 puffer systemd-fsck[351]: /dev/nvme0n1p4: limpo, 64202/25460736 ficheiros, 3908999/101829969 blocos
mai 07 09:15:54 puffer audit[1]: SERVICE_START pid=1 uid=0 auid=4294967295 ses=4294967295 msg='unit=systemd-fsck@dev-disk-by\x2duuid-DBC3\x2dD499 comm="systemd" exe="/usr/lib/systemd/systemd" hostname=? addr=? terminal=? res=success'
mai 07 09:15:54 puffer systemd[1]: Finished File System Check on /dev/disk/by-uuid/DBC3-D499.
mai 07 09:15:54 puffer systemd[1]: Mounting /boot/efi...
mai 07 09:15:54 puffer systemd[1]: Finished File System Check on /dev/disk/by-uuid/51763606-e819-412c-9fab-3814044d2182.
mai 07 09:15:54 puffer audit[1]: SERVICE_START pid=1 uid=0 auid=4294967295 ses=4294967295 msg='unit=systemd-fsck@dev-disk-by\x2duuid-51763606\x2de819\x2d412c\x2d9fab\x2d3814044d2182 comm="systemd" exe="/usr/lib/systemd/systemd" hostname=? addr=? terminal=? res=success'
mai 07 09:15:54 puffer systemd[1]: Mounting /home...
mai 07 09:15:54 puffer systemd[1]: Mounted /home.
mai 07 09:15:54 puffer kernel: EXT4-fs (nvme0n1p4): mounted filesystem with ordered data mode. Opts: (null)
mai 07 09:15:54 puffer kernel: input: PC Speaker as /devices/platform/pcspkr/input/input9
mai 07 09:15:54 puffer kernel: Intel(R) Wireless WiFi driver for Linux
mai 07 09:15:54 puffer kernel: iwlwifi 0000:00:14.3: enabling device (0000 -> 0002)
mai 07 09:15:54 puffer kernel: i801_smbus 0000:00:1f.4: SPD Write Disable is set
mai 07 09:15:54 puffer kernel: i801_smbus 0000:00:1f.4: SMBus using PCI interrupt
mai 07 09:15:54 puffer kernel: iwlwifi 0000:00:14.3: api flags index 2 larger than supported by driver
mai 07 09:15:54 puffer kernel: iwlwifi 0000:00:14.3: TLV_FW_FSEQ_VERSION: FSEQ Version: 65.3.35.22
mai 07 09:15:54 puffer kernel: iwlwifi 0000:00:14.3: loaded firmware version 59.601f3a66.0 QuZ-a0-hr-b0-59.ucode op_mode iwlmvm
mai 07 09:15:54 puffer kernel: i2c i2c-7: 2/4 memory slots populated (from DMI)
mai 07 09:15:54 puffer kernel: i2c i2c-7: Successfully instantiated SPD at 0x50
mai 07 09:15:54 puffer kernel: i2c i2c-7: Successfully instantiated SPD at 0x52
mai 07 09:15:54 puffer systemd[1]: Mounted /boot/efi.
mai 07 09:15:54 puffer kernel: snd_hda_intel 0000:00:1f.3: enabling device (0000 -> 0002)
mai 07 09:15:54 puffer kernel: snd_hda_intel 0000:01:00.1: enabling device (0000 -> 0002)
mai 07 09:15:54 puffer kernel: snd_hda_intel 0000:01:00.1: Disabling MSI
mai 07 09:15:54 puffer kernel: snd_hda_intel 0000:01:00.1: Handle vga_switcheroo audio client
mai 07 09:15:54 puffer kernel: snd_hda_intel 0000:00:1f.3: bound 0000:00:02.0 (ops i915_audio_component_bind_ops [i915])
mai 07 09:15:54 puffer kernel: RAPL PMU: API unit is 2^-32 Joules, 5 fixed counters, 655360 ms ovfl timer
mai 07 09:15:54 puffer kernel: RAPL PMU: hw unit of domain pp0-core 2^-14 Joules
mai 07 09:15:54 puffer kernel: RAPL PMU: hw unit of domain package 2^-14 Joules
mai 07 09:15:54 puffer kernel: RAPL PMU: hw unit of domain dram 2^-14 Joules
mai 07 09:15:54 puffer kernel: RAPL PMU: hw unit of domain pp1-gpu 2^-14 Joules
mai 07 09:15:54 puffer kernel: RAPL PMU: hw unit of domain psys 2^-14 Joules
mai 07 09:15:54 puffer kernel: cryptd: max_cpu_qlen set to 1000
mai 07 09:15:54 puffer kernel: AVX2 version of gcm_enc/dec engaged.
mai 07 09:15:54 puffer kernel: AES CTR mode by8 optimization enabled
mai 07 09:15:54 puffer kernel: input: HDA NVidia HDMI/DP,pcm=3 as /devices/pci0000:00/0000:00:01.0/0000:01:00.1/sound/card1/input10
mai 07 09:15:54 puffer kernel: input: HDA NVidia HDMI/DP,pcm=7 as /devices/pci0000:00/0000:00:01.0/0000:01:00.1/sound/card1/input11
mai 07 09:15:54 puffer kernel: input: HDA NVidia HDMI/DP,pcm=8 as /devices/pci0000:00/0000:00:01.0/0000:01:00.1/sound/card1/input12
mai 07 09:15:54 puffer kernel: input: HDA NVidia HDMI/DP,pcm=9 as /devices/pci0000:00/0000:00:01.0/0000:01:00.1/sound/card1/input13
mai 07 09:15:54 puffer kernel: input: HDA NVidia HDMI/DP,pcm=10 as /devices/pci0000:00/0000:00:01.0/0000:01:00.1/sound/card1/input14
mai 07 09:15:54 puffer kernel: input: HDA NVidia HDMI/DP,pcm=11 as /devices/pci0000:00/0000:00:01.0/0000:01:00.1/sound/card1/input15
mai 07 09:15:54 puffer kernel: usb 1-12: new full-speed USB device number 4 using xhci_hcd
mai 07 09:15:54 puffer systemd-fsck[352]: /dev/sda1: limpo, 459827/122101760 ficheiros, 16374456/488378385 blocos
mai 07 09:15:54 puffer systemd[1]: Finished File System Check on /dev/disk/by-uuid/ff10e1fe-ef46-4c6f-b33a-d8fd40d3f97b.
mai 07 09:15:54 puffer audit[1]: SERVICE_START pid=1 uid=0 auid=4294967295 ses=4294967295 msg='unit=systemd-fsck@dev-disk-by\x2duuid-ff10e1fe\x2def46\x2d4c6f\x2db33a\x2dd8fd40d3f97b comm="systemd" exe="/usr/lib/systemd/systemd" hostname=? addr=? terminal=? res=success'
mai 07 09:15:54 puffer systemd[1]: Mounting /user_data...
mai 07 09:15:54 puffer kernel: usb 1-12: New USB device found, idVendor=04d9, idProduct=fc03, bcdDevice= 1.10
mai 07 09:15:54 puffer kernel: usb 1-12: New USB device strings: Mfr=0, Product=2, SerialNumber=0
mai 07 09:15:54 puffer kernel: usb 1-12: Product: USB Gaming Mouse
mai 07 09:15:54 puffer kernel: snd_hda_codec_realtek hdaudioC0D0: autoconfig for ALC274: line_outs=1 (0x17/0x0/0x0/0x0/0x0) type:speaker
mai 07 09:15:54 puffer kernel: snd_hda_codec_realtek hdaudioC0D0:    speaker_outs=0 (0x0/0x0/0x0/0x0/0x0)
mai 07 09:15:54 puffer kernel: snd_hda_codec_realtek hdaudioC0D0:    hp_outs=1 (0x21/0x0/0x0/0x0/0x0)
mai 07 09:15:54 puffer kernel: snd_hda_codec_realtek hdaudioC0D0:    mono: mono_out=0x0
mai 07 09:15:54 puffer kernel: snd_hda_codec_realtek hdaudioC0D0:    inputs:
mai 07 09:15:54 puffer kernel: snd_hda_codec_realtek hdaudioC0D0:      Mic=0x1a
mai 07 09:15:54 puffer kernel: snd_hda_codec_realtek hdaudioC0D0:      Internal Mic=0x12
mai 07 09:15:54 puffer kernel: EXT4-fs (sda1): mounted filesystem with ordered data mode. Opts: (null)
mai 07 09:15:54 puffer systemd[1]: Mounted /user_data.
mai 07 09:15:54 puffer systemd[1]: Reached target Local File Systems.
mai 07 09:15:54 puffer systemd[1]: Condition check resulted in Rebuild Dynamic Linker Cache being skipped.
mai 07 09:15:54 puffer systemd[1]: Starting Create Volatile Files and Directories...
mai 07 09:15:54 puffer kernel: iwlwifi 0000:00:14.3: Detected Intel(R) Wi-Fi 6 AX201 160MHz, REV=0x354
mai 07 09:15:54 puffer systemd[1]: Finished Create Volatile Files and Directories.
mai 07 09:15:54 puffer audit[1]: SERVICE_START pid=1 uid=0 auid=4294967295 ses=4294967295 msg='unit=systemd-tmpfiles-setup comm="systemd" exe="/usr/lib/systemd/systemd" hostname=? addr=? terminal=? res=success'
mai 07 09:15:54 puffer systemd[1]: Started Hardware RNG Entropy Gatherer Daemon.
mai 07 09:15:54 puffer audit[1]: SERVICE_START pid=1 uid=0 auid=4294967295 ses=4294967295 msg='unit=rngd comm="systemd" exe="/usr/lib/systemd/systemd" hostname=? addr=? terminal=? res=success'
mai 07 09:15:54 puffer systemd[1]: Condition check resulted in Rebuild Journal Catalog being skipped.
mai 07 09:15:54 puffer audit: BPF prog-id=17 op=LOAD
mai 07 09:15:54 puffer systemd[1]: Starting Network Time Synchronization...
mai 07 09:15:54 puffer systemd[1]: Condition check resulted in Update is Completed being skipped.
mai 07 09:15:54 puffer systemd[1]: Starting Update UTMP about System Boot/Shutdown...
mai 07 09:15:54 puffer audit[406]: SYSTEM_BOOT pid=406 uid=0 auid=4294967295 ses=4294967295 msg=' comm="systemd-update-utmp" exe="/usr/lib/systemd/systemd-update-utmp" hostname=? addr=? terminal=? res=success'
mai 07 09:15:54 puffer systemd[1]: Finished Update UTMP about System Boot/Shutdown.
mai 07 09:15:54 puffer audit[1]: SERVICE_START pid=1 uid=0 auid=4294967295 ses=4294967295 msg='unit=systemd-update-utmp comm="systemd" exe="/usr/lib/systemd/systemd" hostname=? addr=? terminal=? res=success'
mai 07 09:15:54 puffer rngd[404]: Initializing available sources
mai 07 09:15:54 puffer rngd[404]: [hwrng ]: Initialized
mai 07 09:15:54 puffer rngd[404]: [rdrand]: Enabling RDSEED rng support
mai 07 09:15:54 puffer rngd[404]: [rdrand]: Initialized
mai 07 09:15:54 puffer systemd[1]: Started Network Time Synchronization.
mai 07 09:15:54 puffer audit[1]: SERVICE_START pid=1 uid=0 auid=4294967295 ses=4294967295 msg='unit=systemd-timesyncd comm="systemd" exe="/usr/lib/systemd/systemd" hostname=? addr=? terminal=? res=success'
mai 07 09:15:54 puffer systemd[1]: Reached target System Initialization.
mai 07 09:15:54 puffer systemd[1]: Started Daily Cleanup of Temporary Directories.
mai 07 09:15:54 puffer systemd[1]: Reached target System Time Set.
mai 07 09:15:54 puffer systemd[1]: Started Daily man-db regeneration.
mai 07 09:15:54 puffer systemd[1]: Started Discard unused packages weekly.
mai 07 09:15:54 puffer systemd[1]: Started Daily verification of password and group files.
mai 07 09:15:54 puffer systemd[1]: Reached target Timers.
mai 07 09:15:54 puffer systemd[1]: Listening on CUPS Scheduler.
mai 07 09:15:54 puffer systemd[1]: Listening on D-Bus System Message Bus Socket.
mai 07 09:15:54 puffer systemd[1]: Reached target Sockets.
mai 07 09:15:54 puffer systemd[1]: Reached target Basic System.
mai 07 09:15:54 puffer systemd[1]: Started Periodic Command Scheduler.
mai 07 09:15:54 puffer audit[1]: SERVICE_START pid=1 uid=0 auid=4294967295 ses=4294967295 msg='unit=cronie comm="systemd" exe="/usr/lib/systemd/systemd" hostname=? addr=? terminal=? res=success'
